Archive member included to satisfy reference by file (symbol)

E:\Funix_302_iot\Thuvien\SDK_1.0.3_NUCLEO-F401RE\lib_stm\libLibraries.a(system_stm32f4xx.o)
                              ./Src/main.o (SystemCoreClockUpdate)
E:\Funix_302_iot\Thuvien\SDK_1.0.3_NUCLEO-F401RE\lib_stm\libLibraries.a(misc.o)
                              ./Src/main.o (NVIC_Init)
E:\Funix_302_iot\Thuvien\SDK_1.0.3_NUCLEO-F401RE\lib_stm\libLibraries.a(stm32f401re_gpio.o)
                              ./Src/main.o (GPIO_Init)
E:\Funix_302_iot\Thuvien\SDK_1.0.3_NUCLEO-F401RE\lib_stm\libLibraries.a(stm32f401re_i2c.o)
                              ./Src/main.o (I2C_Init)
E:\Funix_302_iot\Thuvien\SDK_1.0.3_NUCLEO-F401RE\lib_stm\libLibraries.a(stm32f401re_rcc.o)
                              E:\Funix_302_iot\Thuvien\SDK_1.0.3_NUCLEO-F401RE\lib_stm\libLibraries.a(stm32f401re_i2c.o) (RCC_GetClocksFreq)
c:/st/stm32cubeide_1.7.0/stm32cubeide/plugins/com.st.stm32cube.ide.mcu.externaltools.gnu-tools-for-stm32.9-2020-q2-update.win32_2.0.0.202105311346/tools/bin/../lib/gcc/arm-none-eabi/9.3.1/../../../../arm-none-eabi/lib/thumb/v7e-m+fp/hard\libc_nano.a(lib_a-errno.o)
                              ./Src/syscalls.o (__errno)
c:/st/stm32cubeide_1.7.0/stm32cubeide/plugins/com.st.stm32cube.ide.mcu.externaltools.gnu-tools-for-stm32.9-2020-q2-update.win32_2.0.0.202105311346/tools/bin/../lib/gcc/arm-none-eabi/9.3.1/../../../../arm-none-eabi/lib/thumb/v7e-m+fp/hard\libc_nano.a(lib_a-exit.o)
                              c:/st/stm32cubeide_1.7.0/stm32cubeide/plugins/com.st.stm32cube.ide.mcu.externaltools.gnu-tools-for-stm32.9-2020-q2-update.win32_2.0.0.202105311346/tools/bin/../lib/gcc/arm-none-eabi/9.3.1/../../../../arm-none-eabi/lib/thumb/v7e-m+fp/hard/crt0.o (exit)
c:/st/stm32cubeide_1.7.0/stm32cubeide/plugins/com.st.stm32cube.ide.mcu.externaltools.gnu-tools-for-stm32.9-2020-q2-update.win32_2.0.0.202105311346/tools/bin/../lib/gcc/arm-none-eabi/9.3.1/../../../../arm-none-eabi/lib/thumb/v7e-m+fp/hard\libc_nano.a(lib_a-impure.o)
                              c:/st/stm32cubeide_1.7.0/stm32cubeide/plugins/com.st.stm32cube.ide.mcu.externaltools.gnu-tools-for-stm32.9-2020-q2-update.win32_2.0.0.202105311346/tools/bin/../lib/gcc/arm-none-eabi/9.3.1/../../../../arm-none-eabi/lib/thumb/v7e-m+fp/hard\libc_nano.a(lib_a-exit.o) (_global_impure_ptr)
c:/st/stm32cubeide_1.7.0/stm32cubeide/plugins/com.st.stm32cube.ide.mcu.externaltools.gnu-tools-for-stm32.9-2020-q2-update.win32_2.0.0.202105311346/tools/bin/../lib/gcc/arm-none-eabi/9.3.1/../../../../arm-none-eabi/lib/thumb/v7e-m+fp/hard\libc_nano.a(lib_a-init.o)
                              c:/st/stm32cubeide_1.7.0/stm32cubeide/plugins/com.st.stm32cube.ide.mcu.externaltools.gnu-tools-for-stm32.9-2020-q2-update.win32_2.0.0.202105311346/tools/bin/../lib/gcc/arm-none-eabi/9.3.1/../../../../arm-none-eabi/lib/thumb/v7e-m+fp/hard/crt0.o (__libc_init_array)
c:/st/stm32cubeide_1.7.0/stm32cubeide/plugins/com.st.stm32cube.ide.mcu.externaltools.gnu-tools-for-stm32.9-2020-q2-update.win32_2.0.0.202105311346/tools/bin/../lib/gcc/arm-none-eabi/9.3.1/../../../../arm-none-eabi/lib/thumb/v7e-m+fp/hard\libc_nano.a(lib_a-memset.o)
                              c:/st/stm32cubeide_1.7.0/stm32cubeide/plugins/com.st.stm32cube.ide.mcu.externaltools.gnu-tools-for-stm32.9-2020-q2-update.win32_2.0.0.202105311346/tools/bin/../lib/gcc/arm-none-eabi/9.3.1/../../../../arm-none-eabi/lib/thumb/v7e-m+fp/hard/crt0.o (memset)

Allocating common symbols
Common symbol       size              file

Data_Receive        0x1               ./Src/main.o

Discarded input sections

 .text          0x0000000000000000        0x0 c:/st/stm32cubeide_1.7.0/stm32cubeide/plugins/com.st.stm32cube.ide.mcu.externaltools.gnu-tools-for-stm32.9-2020-q2-update.win32_2.0.0.202105311346/tools/bin/../lib/gcc/arm-none-eabi/9.3.1/thumb/v7e-m+fp/hard/crti.o
 .data          0x0000000000000000        0x0 c:/st/stm32cubeide_1.7.0/stm32cubeide/plugins/com.st.stm32cube.ide.mcu.externaltools.gnu-tools-for-stm32.9-2020-q2-update.win32_2.0.0.202105311346/tools/bin/../lib/gcc/arm-none-eabi/9.3.1/thumb/v7e-m+fp/hard/crti.o
 .bss           0x0000000000000000        0x0 c:/st/stm32cubeide_1.7.0/stm32cubeide/plugins/com.st.stm32cube.ide.mcu.externaltools.gnu-tools-for-stm32.9-2020-q2-update.win32_2.0.0.202105311346/tools/bin/../lib/gcc/arm-none-eabi/9.3.1/thumb/v7e-m+fp/hard/crti.o
 .data          0x0000000000000000        0x4 c:/st/stm32cubeide_1.7.0/stm32cubeide/plugins/com.st.stm32cube.ide.mcu.externaltools.gnu-tools-for-stm32.9-2020-q2-update.win32_2.0.0.202105311346/tools/bin/../lib/gcc/arm-none-eabi/9.3.1/thumb/v7e-m+fp/hard/crtbegin.o
 .text          0x0000000000000000       0x7c c:/st/stm32cubeide_1.7.0/stm32cubeide/plugins/com.st.stm32cube.ide.mcu.externaltools.gnu-tools-for-stm32.9-2020-q2-update.win32_2.0.0.202105311346/tools/bin/../lib/gcc/arm-none-eabi/9.3.1/../../../../arm-none-eabi/lib/thumb/v7e-m+fp/hard/crt0.o
[...]
Memory Configuration

Name             Origin             Length             Attributes
RAM              0x0000000020000000 0x0000000000018000 xrw
FLASH            0x0000000008000000 0x0000000000080000 xr
*default*        0x0000000000000000 0xffffffffffffffff

Linker script and memory map

LOAD c:/st/stm32cubeide_1.7.0/stm32cubeide/plugins/com.st.stm32cube.ide.mcu.externaltools.gnu-tools-for-stm32.9-2020-q2-update.win32_2.0.0.202105311346/tools/bin/../lib/gcc/arm-none-eabi/9.3.1/thumb/v7e-m+fp/hard/crti.o
LOAD c:/st/stm32cubeide_1.7.0/stm32cubeide/plugins/com.st.stm32cube.ide.mcu.externaltools.gnu-tools-for-stm32.9-2020-q2-update.win32_2.0.0.202105311346/tools/bin/../lib/gcc/arm-none-eabi/9.3.1/thumb/v7e-m+fp/hard/crtbegin.o
LOAD c:/st/stm32cubeide_1.7.0/stm32cubeide/plugins/com.st.stm32cube.ide.mcu.externaltools.gnu-tools-for-stm32.9-2020-q2-update.win32_2.0.0.202105311346/tools/bin/../lib/gcc/arm-none-eabi/9.3.1/../../../../arm-none-eabi/lib/thumb/v7e-m+fp/hard/crt0.o
LOAD ./Src/main.o
LOAD ./Src/syscalls.o
LOAD ./Src/sysmem.o
LOAD ./Startup/startup_stm32f401retx.o
LOAD E:\Funix_302_iot\Thuvien\SDK_1.0.3_NUCLEO-F401RE\lib_stm\libLibraries.a
START GROUP
LOAD c:/st/stm32cubeide_1.7.0/stm32cubeide/plugins/com.st.stm32cube.ide.mcu.externaltools.gnu-tools-for-stm32.9-2020-q2-update.win32_2.0.0.202105311346/tools/bin/../lib/gcc/arm-none-eabi/9.3.1/../../../../arm-none-eabi/lib/thumb/v7e-m+fp/hard\libc_nano.a
LOAD c:/st/stm32cubeide_1.7.0/stm32cubeide/plugins/com.st.stm32cube.ide.mcu.externaltools.gnu-tools-for-stm32.9-2020-q2-update.win32_2.0.0.202105311346/tools/bin/../lib/gcc/arm-none-eabi/9.3.1/../../../../arm-none-eabi/lib/thumb/v7e-m+fp/hard\libm.a
END GROUP
START GROUP
LOAD c:/st/stm32cubeide_1.7.0/stm32cubeide/plugins/com.st.stm32cube.ide.mcu.externaltools.gnu-tools-for-stm32.9-2020-q2-update.win32_2.0.0.202105311346/tools/bin/../lib/gcc/arm-none-eabi/9.3.1/thumb/v7e-m+fp/hard\libgcc.a
LOAD c:/st/stm32cubeide_1.7.0/stm32cubeide/plugins/com.st.stm32cube.ide.mcu.externaltools.gnu-tools-for-stm32.9-2020-q2-update.win32_2.0.0.202105311346/tools/bin/../lib/gcc/arm-none-eabi/9.3.1/../../../../arm-none-eabi/lib/thumb/v7e-m+fp/hard\libc_nano.a
END GROUP
START GROUP
LOAD c:/st/stm32cubeide_1.7.0/stm32cubeide/plugins/com.st.stm32cube.ide.mcu.externaltools.gnu-tools-for-stm32.9-2020-q2-update.win32_2.0.0.202105311346/tools/bin/../lib/gcc/arm-none-eabi/9.3.1/thumb/v7e-m+fp/hard\libgcc.a
LOAD c:/st/stm32cubeide_1.7.0/stm32cubeide/plugins/com.st.stm32cube.ide.mcu.externaltools.gnu-tools-for-stm32.9-2020-q2-update.win32_2.0.0.202105311346/tools/bin/../lib/gcc/arm-none-eabi/9.3.1/../../../../arm-none-eabi/lib/thumb/v7e-m+fp/hard\libc_nano.a
LOAD c:/st/stm32cubeide_1.7.0/stm32cubeide/plugins/com.st.stm32cube.ide.mcu.externaltools.gnu-tools-for-stm32.9-2020-q2-update.win32_2.0.0.202105311346/tools/bin/../lib/gcc/arm-none-eabi/9.3.1/../../../../arm-none-eabi/lib/thumb/v7e-m+fp/hard\libnosys.a
END GROUP
START GROUP
LOAD c:/st/stm32cubeide_1.7.0/stm32cubeide/plugins/com.st.stm32cube.ide.mcu.externaltools.gnu-tools-for-stm32.9-2020-q2-update.win32_2.0.0.202105311346/tools/bin/../lib/gcc/arm-none-eabi/9.3.1/thumb/v7e-m+fp/hard\libgcc.a
LOAD c:/st/stm32cubeide_1.7.0/stm32cubeide/plugins/com.st.stm32cube.ide.mcu.externaltools.gnu-tools-for-stm32.9-2020-q2-update.win32_2.0.0.202105311346/tools/bin/../lib/gcc/arm-none-eabi/9.3.1/../../../../arm-none-eabi/lib/thumb/v7e-m+fp/hard\libc_nano.a
LOAD c:/st/stm32cubeide_1.7.0/stm32cubeide/plugins/com.st.stm32cube.ide.mcu.externaltools.gnu-tools-for-stm32.9-2020-q2-update.win32_2.0.0.202105311346/tools/bin/../lib/gcc/arm-none-eabi/9.3.1/../../../../arm-none-eabi/lib/thumb/v7e-m+fp/hard\libnosys.a
END GROUP
LOAD c:/st/stm32cubeide_1.7.0/stm32cubeide/plugins/com.st.stm32cube.ide.mcu.externaltools.gnu-tools-for-stm32.9-2020-q2-update.win32_2.0.0.202105311346/tools/bin/../lib/gcc/arm-none-eabi/9.3.1/thumb/v7e-m+fp/hard/crtend.o
LOAD c:/st/stm32cubeide_1.7.0/stm32cubeide/plugins/com.st.stm32cube.ide.mcu.externaltools.gnu-tools-for-stm32.9-2020-q2-update.win32_2.0.0.202105311346/tools/bin/../lib/gcc/arm-none-eabi/9.3.1/thumb/v7e-m+fp/hard/crtn.o
                0x0000000020018000                _estack = (ORIGIN (RAM) + LENGTH (RAM))
                0x0000000000000200                _Min_Heap_Size = 0x200
                0x0000000000000400                _Min_Stack_Size = 0x400

.isr_vector     0x0000000008000000      0x194
                0x0000000008000000                . = ALIGN (0x4)
 *(.isr_vector)
 .isr_vector    0x0000000008000000      0x194 ./Startup/startup_stm32f401retx.o
                0x0000000008000000                g_pfnVectors
                0x0000000008000194                . = ALIGN (0x4)

.text           0x0000000008000194     0x1044
                0x0000000008000194                . = ALIGN (0x4)
 *(.text)
 .text          0x0000000008000194       0x40 c:/st/stm32cubeide_1.7.0/stm32cubeide/plugins/com.st.stm32cube.ide.mcu.externaltools.gnu-tools-for-stm32.9-2020-q2-update.win32_2.0.0.202105311346/tools/bin/../lib/gcc/arm-none-eabi/9.3.1/thumb/v7e-m+fp/hard/crtbegin.o
 *(.text*)
 .text.main     0x00000000080001d4       0x7c ./Src/main.o
                0x00000000080001d4                main
 .text.AppInitCommon
                0x0000000008000250       0x1c ./Src/main.o
 .text.Led_Init
                0x000000000800026c       0x34 ./Src/main.o
 .text.Button_Init
                0x00000000080002a0       0x38 ./Src/main.o
 .text.I2C_InitSlave
                0x00000000080002d8       0xc4 ./Src/main.o
 .text.I2C_InitMaster
                0x000000000800039c       0xb0 ./Src/main.o
 .text.I2C_Start
                0x000000000800044c       0x3c ./Src/main.o
 .text.I2C_SendAddress
                0x0000000008000488       0x38 ./Src/main.o
 .text.I2C_TransmitData
                0x00000000080004c0       0x38 ./Src/main.o
 .text.I2C_Stop
                0x00000000080004f8       0x14 ./Src/main.o
 .text.I2C1_EV_IRQHandler
                0x000000000800050c       0x74 ./Src/main.o
                0x000000000800050c                I2C1_EV_IRQHandler
 .text.Delay_ms
                0x0000000008000580       0x40 ./Src/main.o
 .text.Reset_Handler
                0x00000000080005c0       0x50 ./Startup/startup_stm32f401retx.o
                0x00000000080005c0                Reset_Handler
 .text.Default_Handler
                0x0000000008000610        0x2 ./Startup/startup_stm32f401retx.o
                0x0000000008000610                EXTI2_IRQHandler
                0x0000000008000610                DebugMon_Handler
                0x0000000008000610                SPI4_IRQHandler
                0x0000000008000610                TIM1_CC_IRQHandler
                0x0000000008000610                HardFault_Handler
                0x0000000008000610                SysTick_Handler
                0x0000000008000610                SDIO_IRQHandler
                0x0000000008000610                TAMP_STAMP_IRQHandler
                0x0000000008000610                PendSV_Handler
                0x0000000008000610                NMI_Handler
                0x0000000008000610                EXTI3_IRQHandler
                0x0000000008000610                TIM1_UP_TIM10_IRQHandler
                0x0000000008000610                I2C3_ER_IRQHandler
                0x0000000008000610                EXTI18_OTG_FS_WKUP_IRQHandler
                0x0000000008000610                EXTI0_IRQHandler
                0x0000000008000610                I2C2_EV_IRQHandler
                0x0000000008000610                FPU_IRQHandler
                0x0000000008000610                UsageFault_Handler
                0x0000000008000610                SPI1_IRQHandler
                0x0000000008000610                TIM1_BRK_TIM9_IRQHandler
                0x0000000008000610                USART6_IRQHandler
                0x0000000008000610                TIM4_IRQHandler
                0x0000000008000610                TIM3_IRQHandler
                0x0000000008000610                RCC_IRQHandler
                0x0000000008000610                Default_Handler
                0x0000000008000610                EXTI15_10_IRQHandler
                0x0000000008000610                ADC_IRQHandler
                0x0000000008000610                TIM5_IRQHandler
                0x0000000008000610                I2C3_EV_IRQHandler
                0x0000000008000610                EXTI9_5_IRQHandler
                0x0000000008000610                SPI2_IRQHandler
                0x0000000008000610                MemManage_Handler
                0x0000000008000610                SVC_Handler
                0x0000000008000610                EXTI4_IRQHandler
                0x0000000008000610                EXTI22_RTC_WKUP_IRQHandler
                0x0000000008000610                TIM2_IRQHandler
                0x0000000008000610                EXTI16_PVD_IRQHandler
                0x0000000008000610                TIM1_TRG_COM_TIM11_IRQHandler
                0x0000000008000610                EXTI1_IRQHandler
                0x0000000008000610                EXTI17_RTC_Alarm_IRQHandler
                0x0000000008000610                USART2_IRQHandler
                0x0000000008000610                I2C2_ER_IRQHandler
                0x0000000008000610                FLASH_IRQHandler
                0x0000000008000610                BusFault_Handler
                0x0000000008000610                USART1_IRQHandler
                0x0000000008000610                OTG_FS_IRQHandler
                0x0000000008000610                SPI3_IRQHandler
                0x0000000008000610                I2C1_ER_IRQHandler
 *fill*         0x0000000008000612        0x2 
 .text.SystemInit
                0x0000000008000614       0x6c E:\Funix_302_iot\Thuvien\SDK_1.0.3_NUCLEO-F401RE\lib_stm\libLibraries.a(system_stm32f4xx.o)
                0x0000000008000614                SystemInit
 .text.SystemCoreClockUpdate
                0x0000000008000680       0xf8 E:\Funix_302_iot\Thuvien\SDK_1.0.3_NUCLEO-F401RE\lib_stm\libLibraries.a(system_stm32f4xx.o)
                0x0000000008000680                SystemCoreClockUpdate
 .text.SetSysClock
                0x0000000008000778       0xa0 E:\Funix_302_iot\Thuvien\SDK_1.0.3_NUCLEO-F401RE\lib_stm\libLibraries.a(system_stm32f4xx.o)
 .text.NVIC_Init
                0x0000000008000818       0xc4 E:\Funix_302_iot\Thuvien\SDK_1.0.3_NUCLEO-F401RE\lib_stm\libLibraries.a(misc.o)
                0x0000000008000818                NVIC_Init
 .text.GPIO_Init
                0x00000000080008dc      0x11c E:\Funix_302_iot\Thuvien\SDK_1.0.3_NUCLEO-F401RE\lib_stm\libLibraries.a(stm32f401re_gpio.o)
                0x00000000080008dc                GPIO_Init
 .text.GPIO_ReadInputDataBit
                0x00000000080009f8       0x34 E:\Funix_302_iot\Thuvien\SDK_1.0.3_NUCLEO-F401RE\lib_stm\libLibraries.a(stm32f401re_gpio.o)
                0x00000000080009f8                GPIO_ReadInputDataBit
 .text.GPIO_SetBits
                0x0000000008000a2c       0x1e E:\Funix_302_iot\Thuvien\SDK_1.0.3_NUCLEO-F401RE\lib_stm\libLibraries.a(stm32f401re_gpio.o)
                0x0000000008000a2c                GPIO_SetBits
 .text.GPIO_ResetBits
                0x0000000008000a4a       0x1e E:\Funix_302_iot\Thuvien\SDK_1.0.3_NUCLEO-F401RE\lib_stm\libLibraries.a(stm32f401re_gpio.o)
                0x0000000008000a4a                GPIO_ResetBits
 .text.GPIO_PinAFConfig
                0x0000000008000a68       0x92 E:\Funix_302_iot\Thuvien\SDK_1.0.3_NUCLEO-F401RE\lib_stm\libLibraries.a(stm32f401re_gpio.o)
                0x0000000008000a68                GPIO_PinAFConfig
 *fill*         0x0000000008000afa        0x2 
 .text.I2C_Init
                0x0000000008000afc      0x184 E:\Funix_302_iot\Thuvien\SDK_1.0.3_NUCLEO-F401RE\lib_stm\libLibraries.a(stm32f401re_i2c.o)
                0x0000000008000afc                I2C_Init
 .text.I2C_Cmd  0x0000000008000c80       0x40 E:\Funix_302_iot\Thuvien\SDK_1.0.3_NUCLEO-F401RE\lib_stm\libLibraries.a(stm32f401re_i2c.o)
                0x0000000008000c80                I2C_Cmd
 .text.I2C_GenerateSTART
                0x0000000008000cc0       0x40 E:\Funix_302_iot\Thuvien\SDK_1.0.3_NUCLEO-F401RE\lib_stm\libLibraries.a(stm32f401re_i2c.o)
                0x0000000008000cc0                I2C_GenerateSTART
 .text.I2C_GenerateSTOP
                0x0000000008000d00       0x40 E:\Funix_302_iot\Thuvien\SDK_1.0.3_NUCLEO-F401RE\lib_stm\libLibraries.a(stm32f401re_i2c.o)
                0x0000000008000d00                I2C_GenerateSTOP
 .text.I2C_Send7bitAddress
                0x0000000008000d40       0x3c E:\Funix_302_iot\Thuvien\SDK_1.0.3_NUCLEO-F401RE\lib_stm\libLibraries.a(stm32f401re_i2c.o)
                0x0000000008000d40                I2C_Send7bitAddress
 .text.I2C_AcknowledgeConfig
                0x0000000008000d7c       0x40 E:\Funix_302_iot\Thuvien\SDK_1.0.3_NUCLEO-F401RE\lib_stm\libLibraries.a(stm32f401re_i2c.o)
                0x0000000008000d7c                I2C_AcknowledgeConfig
 .text.I2C_SendData
                0x0000000008000dbc       0x20 E:\Funix_302_iot\Thuvien\SDK_1.0.3_NUCLEO-F401RE\lib_stm\libLibraries.a(stm32f401re_i2c.o)
                0x0000000008000dbc                I2C_SendData
 .text.I2C_ReceiveData
                0x0000000008000ddc       0x1c E:\Funix_302_iot\Thuvien\SDK_1.0.3_NUCLEO-F401RE\lib_stm\libLibraries.a(stm32f401re_i2c.o)
                0x0000000008000ddc                I2C_ReceiveData
 .text.I2C_ITConfig
                0x0000000008000df8       0x48 E:\Funix_302_iot\Thuvien\SDK_1.0.3_NUCLEO-F401RE\lib_stm\libLibraries.a(stm32f401re_i2c.o)
                0x0000000008000df8                I2C_ITConfig
 .text.I2C_CheckEvent
                0x0000000008000e40       0x60 E:\Funix_302_iot\Thuvien\SDK_1.0.3_NUCLEO-F401RE\lib_stm\libLibraries.a(stm32f401re_i2c.o)
                0x0000000008000e40                I2C_CheckEvent
 .text.I2C_GetLastEvent
                0x0000000008000ea0       0x44 E:\Funix_302_iot\Thuvien\SDK_1.0.3_NUCLEO-F401RE\lib_stm\libLibraries.a(stm32f401re_i2c.o)
                0x0000000008000ea0                I2C_GetLastEvent
 .text.I2C_GetFlagStatus
                0x0000000008000ee4       0x66 E:\Funix_302_iot\Thuvien\SDK_1.0.3_NUCLEO-F401RE\lib_stm\libLibraries.a(stm32f401re_i2c.o)
                0x0000000008000ee4                I2C_GetFlagStatus
 .text.I2C_ClearFlag
                0x0000000008000f4a       0x2e E:\Funix_302_iot\Thuvien\SDK_1.0.3_NUCLEO-F401RE\lib_stm\libLibraries.a(stm32f401re_i2c.o)
                0x0000000008000f4a                I2C_ClearFlag
 .text.I2C_ClearITPendingBit
                0x0000000008000f78       0x2e E:\Funix_302_iot\Thuvien\SDK_1.0.3_NUCLEO-F401RE\lib_stm\libLibraries.a(stm32f401re_i2c.o)
                0x0000000008000f78                I2C_ClearITPendingBit
 *fill*         0x0000000008000fa6        0x2 
 .text.RCC_GetClocksFreq
                0x0000000008000fa8      0x150 E:\Funix_302_iot\Thuvien\SDK_1.0.3_NUCLEO-F401RE\lib_stm\libLibraries.a(stm32f401re_rcc.o)
                0x0000000008000fa8                RCC_GetClocksFreq
 .text.RCC_AHB1PeriphClockCmd
                0x00000000080010f8       0x40 E:\Funix_302_iot\Thuvien\SDK_1.0.3_NUCLEO-F401RE\lib_stm\libLibraries.a(stm32f401re_rcc.o)
                0x00000000080010f8                RCC_AHB1PeriphClockCmd
 .text.RCC_APB1PeriphClockCmd
                0x0000000008001138       0x40 E:\Funix_302_iot\Thuvien\SDK_1.0.3_NUCLEO-F401RE\lib_stm\libLibraries.a(stm32f401re_rcc.o)
                0x0000000008001138                RCC_APB1PeriphClockCmd
 .text.__libc_init_array
                0x0000000008001178       0x48 c:/st/stm32cubeide_1.7.0/stm32cubeide/plugins/com.st.stm32cube.ide.mcu.externaltools.gnu-tools-for-stm32.9-2020-q2-update.win32_2.0.0.202105311346/tools/bin/../lib/gcc/arm-none-eabi/9.3.1/../../../../arm-none-eabi/lib/thumb/v7e-m+fp/hard\libc_nano.a(lib_a-init.o)
                0x0000000008001178                __libc_init_array
 *(.glue_7)
 .glue_7        0x00000000080011c0        0x0 linker stubs
 *(.glue_7t)
 .glue_7t       0x00000000080011c0        0x0 linker stubs
 *(.eh_frame)
 .eh_frame      0x00000000080011c0        0x0 c:/st/stm32cubeide_1.7.0/stm32cubeide/plugins/com.st.stm32cube.ide.mcu.externaltools.gnu-tools-for-stm32.9-2020-q2-update.win32_2.0.0.202105311346/tools/bin/../lib/gcc/arm-none-eabi/9.3.1/thumb/v7e-m+fp/hard/crtbegin.o
 *(.init)
 .init          0x00000000080011c0        0x4 c:/st/stm32cubeide_1.7.0/stm32cubeide/plugins/com.st.stm32cube.ide.mcu.externaltools.gnu-tools-for-stm32.9-2020-q2-update.win32_2.0.0.202105311346/tools/bin/../lib/gcc/arm-none-eabi/9.3.1/thumb/v7e-m+fp/hard/crti.o
                0x00000000080011c0                _init
 .init          0x00000000080011c4        0x8 c:/st/stm32cubeide_1.7.0/stm32cubeide/plugins/com.st.stm32cube.ide.mcu.externaltools.gnu-tools-for-stm32.9-2020-q2-update.win32_2.0.0.202105311346/tools/bin/../lib/gcc/arm-none-eabi/9.3.1/thumb/v7e-m+fp/hard/crtn.o
 *(.fini)
 .fini          0x00000000080011cc        0x4 c:/st/stm32cubeide_1.7.0/stm32cubeide/plugins/com.st.stm32cube.ide.mcu.externaltools.gnu-tools-for-stm32.9-2020-q2-update.win32_2.0.0.202105311346/tools/bin/../lib/gcc/arm-none-eabi/9.3.1/thumb/v7e-m+fp/hard/crti.o
                0x00000000080011cc                _fini
 .fini          0x00000000080011d0        0x8 c:/st/stm32cubeide_1.7.0/stm32cubeide/plugins/com.st.stm32cube.ide.mcu.externaltools.gnu-tools-for-stm32.9-2020-q2-update.win32_2.0.0.202105311346/tools/bin/../lib/gcc/arm-none-eabi/9.3.1/thumb/v7e-m+fp/hard/crtn.o
                0x00000000080011d8                . = ALIGN (0x4)
                0x00000000080011d8                _etext = .

.vfp11_veneer   0x00000000080011d8        0x0
 .vfp11_veneer  0x00000000080011d8        0x0 linker stubs

.v4_bx          0x00000000080011d8        0x0
 .v4_bx         0x00000000080011d8        0x0 linker stubs

.iplt           0x00000000080011d8        0x0
 .iplt          0x00000000080011d8        0x0 c:/st/stm32cubeide_1.7.0/stm32cubeide/plugins/com.st.stm32cube.ide.mcu.externaltools.gnu-tools-for-stm32.9-2020-q2-update.win32_2.0.0.202105311346/tools/bin/../lib/gcc/arm-none-eabi/9.3.1/thumb/v7e-m+fp/hard/crtbegin.o

.rel.dyn        0x00000000080011d8        0x0
 .rel.iplt      0x00000000080011d8        0x0 c:/st/stm32cubeide_1.7.0/stm32cubeide/plugins/com.st.stm32cube.ide.mcu.externaltools.gnu-tools-for-stm32.9-2020-q2-update.win32_2.0.0.202105311346/tools/bin/../lib/gcc/arm-none-eabi/9.3.1/thumb/v7e-m+fp/hard/crtbegin.o

.rodata         0x00000000080011d8        0x0
                0x00000000080011d8                . = ALIGN (0x4)
 *(.rodata)
 *(.rodata*)
                0x00000000080011d8                . = ALIGN (0x4)

.ARM.extab      0x00000000080011d8        0x0
                0x00000000080011d8                . = ALIGN (0x4)
 *(.ARM.extab* .gnu.linkonce.armextab.*)
                0x00000000080011d8                . = ALIGN (0x4)

.ARM            0x00000000080011d8        0x0
                0x00000000080011d8                . = ALIGN (0x4)
                0x00000000080011d8                __exidx_start = .
 *(.ARM.exidx*)
                0x00000000080011d8                __exidx_end = .
                0x00000000080011d8                . = ALIGN (0x4)

.preinit_array  0x00000000080011d8        0x0
                0x00000000080011d8                . = ALIGN (0x4)
                0x00000000080011d8                PROVIDE (__preinit_array_start = .)
 *(.preinit_array*)
                0x00000000080011d8                PROVIDE (__preinit_array_end = .)
                0x00000000080011d8                . = ALIGN (0x4)

.init_array     0x00000000080011d8        0x4
                0x00000000080011d8                . = ALIGN (0x4)
                0x00000000080011d8                PROVIDE (__init_array_start = .)
 *(SORT_BY_NAME(.init_array.*))
 *(.init_array*)
 .init_array    0x00000000080011d8        0x4 c:/st/stm32cubeide_1.7.0/stm32cubeide/plugins/com.st.stm32cube.ide.mcu.externaltools.gnu-tools-for-stm32.9-2020-q2-update.win32_2.0.0.202105311346/tools/bin/../lib/gcc/arm-none-eabi/9.3.1/thumb/v7e-m+fp/hard/crtbegin.o
                0x00000000080011dc                PROVIDE (__init_array_end = .)
                0x00000000080011dc                . = ALIGN (0x4)

.fini_array     0x00000000080011dc        0x4
                0x00000000080011dc                . = ALIGN (0x4)
                [!provide]                        PROVIDE (__fini_array_start = .)
 *(SORT_BY_NAME(.fini_array.*))
 *(.fini_array*)
 .fini_array    0x00000000080011dc        0x4 c:/st/stm32cubeide_1.7.0/stm32cubeide/plugins/com.st.stm32cube.ide.mcu.externaltools.gnu-tools-for-stm32.9-2020-q2-update.win32_2.0.0.202105311346/tools/bin/../lib/gcc/arm-none-eabi/9.3.1/thumb/v7e-m+fp/hard/crtbegin.o
                [!provide]                        PROVIDE (__fini_array_end = .)
                0x00000000080011e0                . = ALIGN (0x4)
                0x00000000080011e0                _sidata = LOADADDR (.data)

.data           0x0000000020000000       0x24 load address 0x00000000080011e0
                0x0000000020000000                . = ALIGN (0x4)
                0x0000000020000000                _sdata = .
 *(.data)
 *(.data*)
 .data.SystemCoreClock
                0x0000000020000000        0x4 E:\Funix_302_iot\Thuvien\SDK_1.0.3_NUCLEO-F401RE\lib_stm\libLibraries.a(system_stm32f4xx.o)
                0x0000000020000000                SystemCoreClock
 .data.AHBPrescTable
                0x0000000020000004       0x10 E:\Funix_302_iot\Thuvien\SDK_1.0.3_NUCLEO-F401RE\lib_stm\libLibraries.a(system_stm32f4xx.o)
                0x0000000020000004                AHBPrescTable
 .data.APBAHBPrescTable
                0x0000000020000014       0x10 E:\Funix_302_iot\Thuvien\SDK_1.0.3_NUCLEO-F401RE\lib_stm\libLibraries.a(stm32f401re_rcc.o)
 *(.RamFunc)
 *(.RamFunc*)
                0x0000000020000024                . = ALIGN (0x4)
                0x0000000020000024                _edata = .

.igot.plt       0x0000000020000024        0x0 load address 0x0000000008001204
 .igot.plt      0x0000000020000024        0x0 c:/st/stm32cubeide_1.7.0/stm32cubeide/plugins/com.st.stm32cube.ide.mcu.externaltools.gnu-tools-for-stm32.9-2020-q2-update.win32_2.0.0.202105311346/tools/bin/../lib/gcc/arm-none-eabi/9.3.1/thumb/v7e-m+fp/hard/crtbegin.o
                0x0000000020000024                . = ALIGN (0x4)

.bss            0x0000000020000024       0x20 load address 0x0000000008001204
                0x0000000020000024                _sbss = .
                0x0000000020000024                __bss_start__ = _sbss
 *(.bss)
 .bss           0x0000000020000024       0x1c c:/st/stm32cubeide_1.7.0/stm32cubeide/plugins/com.st.stm32cube.ide.mcu.externaltools.gnu-tools-for-stm32.9-2020-q2-update.win32_2.0.0.202105311346/tools/bin/../lib/gcc/arm-none-eabi/9.3.1/thumb/v7e-m+fp/hard/crtbegin.o
 *(.bss*)
 *(COMMON)
 COMMON         0x0000000020000040        0x1 ./Src/main.o
                0x0000000020000040                Data_Receive
                0x0000000020000044                . = ALIGN (0x4)
 *fill*         0x0000000020000041        0x3 
                0x0000000020000044                _ebss = .
                0x0000000020000044                __bss_end__ = _ebss

._user_heap_stack
                0x0000000020000044      0x604 load address 0x0000000008001204
                0x0000000020000048                . = ALIGN (0x8)
 *fill*         0x0000000020000044        0x4 
                [!provide]                        PROVIDE (end = .)
                0x0000000020000048                PROVIDE (_end = .)
                0x0000000020000248                . = (. + _Min_Heap_Size)
 *fill*         0x0000000020000048      0x200 
                0x0000000020000648                . = (. + _Min_Stack_Size)
 *fill*         0x0000000020000248      0x400 
                0x0000000020000648                . = ALIGN (0x8)

/DISCARD/
 libc.a(*)
 libm.a(*)
 libgcc.a(*)

.ARM.attributes
                0x0000000000000000       0x30
 *(.ARM.attributes)
 .ARM.attributes
                0x0000000000000000       0x1e c:/st/stm32cubeide_1.7.0/stm32cubeide/plugins/com.st.stm32cube.ide.mcu.externaltools.gnu-tools-for-stm32.9-2020-q2-update.win32_2.0.0.202105311346/tools/bin/../lib/gcc/arm-none-eabi/9.3.1/thumb/v7e-m+fp/hard/crti.o
 .ARM.attributes
                0x000000000000001e       0x34 c:/st/stm32cubeide_1.7.0/stm32cubeide/plugins/com.st.stm32cube.ide.mcu.externaltools.gnu-tools-for-stm32.9-2020-q2-update.win32_2.0.0.202105311346/tools/bin/../lib/gcc/arm-none-eabi/9.3.1/thumb/v7e-m+fp/hard/crtbegin.o
 .ARM.attributes
                0x0000000000000052       0x34 ./Src/main.o
 .ARM.attributes
                0x0000000000000086       0x21 ./Startup/startup_stm32f401retx.o
 .ARM.attributes
                0x00000000000000a7       0x39 E:\Funix_302_iot\Thuvien\SDK_1.0.3_NUCLEO-F401RE\lib_stm\libLibraries.a(system_stm32f4xx.o)
 .ARM.attributes
                0x00000000000000e0       0x39 E:\Funix_302_iot\Thuvien\SDK_1.0.3_NUCLEO-F401RE\lib_stm\libLibraries.a(misc.o)
 .ARM.attributes
                0x0000000000000119       0x39 E:\Funix_302_iot\Thuvien\SDK_1.0.3_NUCLEO-F401RE\lib_stm\libLibraries.a(stm32f401re_gpio.o)
 .ARM.attributes
                0x0000000000000152       0x39 E:\Funix_302_iot\Thuvien\SDK_1.0.3_NUCLEO-F401RE\lib_stm\libLibraries.a(stm32f401re_i2c.o)
 .ARM.attributes
                0x000000000000018b       0x39 E:\Funix_302_iot\Thuvien\SDK_1.0.3_NUCLEO-F401RE\lib_stm\libLibraries.a(stm32f401re_rcc.o)
 .ARM.attributes
                0x00000000000001c4       0x34 c:/st/stm32cubeide_1.7.0/stm32cubeide/plugins/com.st.stm32cube.ide.mcu.externaltools.gnu-tools-for-stm32.9-2020-q2-update.win32_2.0.0.202105311346/tools/bin/../lib/gcc/arm-none-eabi/9.3.1/../../../../arm-none-eabi/lib/thumb/v7e-m+fp/hard\libc_nano.a(lib_a-init.o)
 .ARM.attributes
                0x00000000000001f8       0x1e c:/st/stm32cubeide_1.7.0/stm32cubeide/plugins/com.st.stm32cube.ide.mcu.externaltools.gnu-tools-for-stm32.9-2020-q2-update.win32_2.0.0.202105311346/tools/bin/../lib/gcc/arm-none-eabi/9.3.1/thumb/v7e-m+fp/hard/crtn.o
OUTPUT(Bai5.1.elf elf32-littlearm)
LOAD linker stubs
LOAD c:/st/stm32cubeide_1.7.0/stm32cubeide/plugins/com.st.stm32cube.ide.mcu.externaltools.gnu-tools-for-stm32.9-2020-q2-update.win32_2.0.0.202105311346/tools/bin/../lib/gcc/arm-none-eabi/9.3.1/../../../../arm-none-eabi/lib/thumb/v7e-m+fp/hard\libc.a
LOAD c:/st/stm32cubeide_1.7.0/stm32cubeide/plugins/com.st.stm32cube.ide.mcu.externaltools.gnu-tools-for-stm32.9-2020-q2-update.win32_2.0.0.202105311346/tools/bin/../lib/gcc/arm-none-eabi/9.3.1/../../../../arm-none-eabi/lib/thumb/v7e-m+fp/hard\libm.a
LOAD c:/st/stm32cubeide_1.7.0/stm32cubeide/plugins/com.st.stm32cube.ide.mcu.externaltools.gnu-tools-for-stm32.9-2020-q2-update.win32_2.0.0.202105311346/tools/bin/../lib/gcc/arm-none-eabi/9.3.1/thumb/v7e-m+fp/hard\libgcc.a

.debug_info     0x0000000000000000     0x32a8
 .debug_info    0x0000000000000000      0x859 ./Src/main.o
 .debug_info    0x0000000000000859       0x22 ./Startup/startup_stm32f401retx.o
 .debug_info    0x000000000000087b      0x5bb E:\Funix_302_iot\Thuvien\SDK_1.0.3_NUCLEO-F401RE\lib_stm\libLibraries.a(system_stm32f4xx.o)
 .debug_info    0x0000000000000e36      0x54b E:\Funix_302_iot\Thuvien\SDK_1.0.3_NUCLEO-F401RE\lib_stm\libLibraries.a(misc.o)
 .debug_info    0x0000000000001381      0x62b E:\Funix_302_iot\Thuvien\SDK_1.0.3_NUCLEO-F401RE\lib_stm\libLibraries.a(stm32f401re_gpio.o)
 .debug_info    0x00000000000019ac      0xb9e E:\Funix_302_iot\Thuvien\SDK_1.0.3_NUCLEO-F401RE\lib_stm\libLibraries.a(stm32f401re_i2c.o)
 .debug_info    0x000000000000254a      0xd5e E:\Funix_302_iot\Thuvien\SDK_1.0.3_NUCLEO-F401RE\lib_stm\libLibraries.a(stm32f401re_rcc.o)

.debug_abbrev   0x0000000000000000      0xa37
 .debug_abbrev  0x0000000000000000      0x24d ./Src/main.o
 .debug_abbrev  0x000000000000024d       0x12 ./Startup/startup_stm32f401retx.o
 .debug_abbrev  0x000000000000025f      0x138 E:\Funix_302_iot\Thuvien\SDK_1.0.3_NUCLEO-F401RE\lib_stm\libLibraries.a(system_stm32f4xx.o)
 .debug_abbrev  0x0000000000000397      0x177 E:\Funix_302_iot\Thuvien\SDK_1.0.3_NUCLEO-F401RE\lib_stm\libLibraries.a(misc.o)
 .debug_abbrev  0x000000000000050e      0x1bf E:\Funix_302_iot\Thuvien\SDK_1.0.3_NUCLEO-F401RE\lib_stm\libLibraries.a(stm32f401re_gpio.o)
 .debug_abbrev  0x00000000000006cd      0x196 E:\Funix_302_iot\Thuvien\SDK_1.0.3_NUCLEO-F401RE\lib_stm\libLibraries.a(stm32f401re_i2c.o)
 .debug_abbrev  0x0000000000000863      0x1d4 E:\Funix_302_iot\Thuvien\SDK_1.0.3_NUCLEO-F401RE\lib_stm\libLibraries.a(stm32f401re_rcc.o)

.debug_aranges  0x0000000000000000      0x460
 .debug_aranges
                0x0000000000000000       0x78 ./Src/main.o
 .debug_aranges
                0x0000000000000078       0x28 ./Startup/startup_stm32f401retx.o
 .debug_aranges
                0x00000000000000a0       0x30 E:\Funix_302_iot\Thuvien\SDK_1.0.3_NUCLEO-F401RE\lib_stm\libLibraries.a(system_stm32f4xx.o)
 .debug_aranges
                0x00000000000000d0       0x40 E:\Funix_302_iot\Thuvien\SDK_1.0.3_NUCLEO-F401RE\lib_stm\libLibraries.a(misc.o)
 .debug_aranges
                0x0000000000000110       0x88 E:\Funix_302_iot\Thuvien\SDK_1.0.3_NUCLEO-F401RE\lib_stm\libLibraries.a(stm32f401re_gpio.o)
 .debug_aranges
                0x0000000000000198      0x130 E:\Funix_302_iot\Thuvien\SDK_1.0.3_NUCLEO-F401RE\lib_stm\libLibraries.a(stm32f401re_i2c.o)
 .debug_aranges
                0x00000000000002c8      0x198 E:\Funix_302_iot\Thuvien\SDK_1.0.3_NUCLEO-F401RE\lib_stm\libLibraries.a(stm32f401re_rcc.o)

.debug_ranges   0x0000000000000000      0x3f8
 .debug_ranges  0x0000000000000000       0x68 ./Src/main.o
 .debug_ranges  0x0000000000000068       0x20 ./Startup/startup_stm32f401retx.o
 .debug_ranges  0x0000000000000088       0x20 E:\Funix_302_iot\Thuvien\SDK_1.0.3_NUCLEO-F401RE\lib_stm\libLibraries.a(system_stm32f4xx.o)
 .debug_ranges  0x00000000000000a8       0x30 E:\Funix_302_iot\Thuvien\SDK_1.0.3_NUCLEO-F401RE\lib_stm\libLibraries.a(misc.o)
 .debug_ranges  0x00000000000000d8       0x78 E:\Funix_302_iot\Thuvien\SDK_1.0.3_NUCLEO-F401RE\lib_stm\libLibraries.a(stm32f401re_gpio.o)
 .debug_ranges  0x0000000000000150      0x120 E:\Funix_302_iot\Thuvien\SDK_1.0.3_NUCLEO-F401RE\lib_stm\libLibraries.a(stm32f401re_i2c.o)
 .debug_ranges  0x0000000000000270      0x188 E:\Funix_302_iot\Thuvien\SDK_1.0.3_NUCLEO-F401RE\lib_stm\libLibraries.a(stm32f401re_rcc.o)

.debug_macro    0x0000000000000000     0xc8c1
 .debug_macro   0x0000000000000000      0x15f ./Src/main.o
 .debug_macro   0x000000000000015f      0xab4 ./Src/main.o
 .debug_macro   0x0000000000000c13       0x6b ./Src/main.o
 .debug_macro   0x0000000000000c7e       0x3b ./Src/main.o
 .debug_macro   0x0000000000000cb9       0x22 ./Src/main.o
 .debug_macro   0x0000000000000cdb       0x8e ./Src/main.o
 .debug_macro   0x0000000000000d69       0x51 ./Src/main.o
 .debug_macro   0x0000000000000dba      0x103 ./Src/main.o
 .debug_macro   0x0000000000000ebd       0x6a ./Src/main.o
 .debug_macro   0x0000000000000f27      0x1df ./Src/main.o
 .debug_macro   0x0000000000001106       0x34 ./Src/main.o
 .debug_macro   0x000000000000113a       0x26 ./Src/main.o
 .debug_macro   0x0000000000001160      0xe43 ./Src/main.o
 .debug_macro   0x0000000000001fa3     0x8018 ./Src/main.o
 .debug_macro   0x0000000000009fbb      0x644 ./Src/main.o
 .debug_macro   0x000000000000a5ff      0x2f4 ./Src/main.o
 .debug_macro   0x000000000000a8f3      0x2ba ./Src/main.o
 .debug_macro   0x000000000000abad       0x82 ./Src/main.o
 .debug_macro   0x000000000000ac2f       0xce E:\Funix_302_iot\Thuvien\SDK_1.0.3_NUCLEO-F401RE\lib_stm\libLibraries.a(system_stm32f4xx.o)
 .debug_macro   0x000000000000acfd      0xa66 E:\Funix_302_iot\Thuvien\SDK_1.0.3_NUCLEO-F401RE\lib_stm\libLibraries.a(system_stm32f4xx.o)
 .debug_macro   0x000000000000b763       0x22 E:\Funix_302_iot\Thuvien\SDK_1.0.3_NUCLEO-F401RE\lib_stm\libLibraries.a(system_stm32f4xx.o)
 .debug_macro   0x000000000000b785       0xef E:\Funix_302_iot\Thuvien\SDK_1.0.3_NUCLEO-F401RE\lib_stm\libLibraries.a(system_stm32f4xx.o)
 .debug_macro   0x000000000000b874       0xc0 E:\Funix_302_iot\Thuvien\SDK_1.0.3_NUCLEO-F401RE\lib_stm\libLibraries.a(misc.o)
 .debug_macro   0x000000000000b934       0x7c E:\Funix_302_iot\Thuvien\SDK_1.0.3_NUCLEO-F401RE\lib_stm\libLibraries.a(misc.o)
 .debug_macro   0x000000000000b9b0       0xc3 E:\Funix_302_iot\Thuvien\SDK_1.0.3_NUCLEO-F401RE\lib_stm\libLibraries.a(stm32f401re_gpio.o)
 .debug_macro   0x000000000000ba73      0x2ee E:\Funix_302_iot\Thuvien\SDK_1.0.3_NUCLEO-F401RE\lib_stm\libLibraries.a(stm32f401re_gpio.o)
 .debug_macro   0x000000000000bd61      0x64a E:\Funix_302_iot\Thuvien\SDK_1.0.3_NUCLEO-F401RE\lib_stm\libLibraries.a(stm32f401re_gpio.o)
 .debug_macro   0x000000000000c3ab       0xd5 E:\Funix_302_iot\Thuvien\SDK_1.0.3_NUCLEO-F401RE\lib_stm\libLibraries.a(stm32f401re_i2c.o)
 .debug_macro   0x000000000000c480      0x2b4 E:\Funix_302_iot\Thuvien\SDK_1.0.3_NUCLEO-F401RE\lib_stm\libLibraries.a(stm32f401re_i2c.o)
 .debug_macro   0x000000000000c734      0x18d E:\Funix_302_iot\Thuvien\SDK_1.0.3_NUCLEO-F401RE\lib_stm\libLibraries.a(stm32f401re_rcc.o)

.debug_line     0x0000000000000000     0x2896
 .debug_line    0x0000000000000000      0x73c ./Src/main.o
 .debug_line    0x000000000000073c       0x84 ./Startup/startup_stm32f401retx.o
 .debug_line    0x00000000000007c0      0x4a0 E:\Funix_302_iot\Thuvien\SDK_1.0.3_NUCLEO-F401RE\lib_stm\libLibraries.a(system_stm32f4xx.o)
 .debug_line    0x0000000000000c60      0x515 E:\Funix_302_iot\Thuvien\SDK_1.0.3_NUCLEO-F401RE\lib_stm\libLibraries.a(misc.o)
 .debug_line    0x0000000000001175      0x65e E:\Funix_302_iot\Thuvien\SDK_1.0.3_NUCLEO-F401RE\lib_stm\libLibraries.a(stm32f401re_gpio.o)
 .debug_line    0x00000000000017d3      0x7f1 E:\Funix_302_iot\Thuvien\SDK_1.0.3_NUCLEO-F401RE\lib_stm\libLibraries.a(stm32f401re_i2c.o)
 .debug_line    0x0000000000001fc4      0x8d2 E:\Funix_302_iot\Thuvien\SDK_1.0.3_NUCLEO-F401RE\lib_stm\libLibraries.a(stm32f401re_rcc.o)

.debug_str      0x0000000000000000    0x3e3bd
 .debug_str     0x0000000000000000    0x3cd54 ./Src/main.o
                                      0x3cf24 (size before relaxing)
 .debug_str     0x000000000003cd54       0x31 ./Startup/startup_stm32f401retx.o
                                         0x54 (size before relaxing)
 .debug_str     0x000000000003cd85      0x39e E:\Funix_302_iot\Thuvien\SDK_1.0.3_NUCLEO-F401RE\lib_stm\libLibraries.a(system_stm32f4xx.o)
                                      0x3583e (size before relaxing)
 .debug_str     0x000000000003d123      0x177 E:\Funix_302_iot\Thuvien\SDK_1.0.3_NUCLEO-F401RE\lib_stm\libLibraries.a(misc.o)
                                      0x35d12 (size before relaxing)
 .debug_str     0x000000000003d29a      0x180 E:\Funix_302_iot\Thuvien\SDK_1.0.3_NUCLEO-F401RE\lib_stm\libLibraries.a(stm32f401re_gpio.o)
                                      0x3a690 (size before relaxing)
 .debug_str     0x000000000003d41a      0x44f E:\Funix_302_iot\Thuvien\SDK_1.0.3_NUCLEO-F401RE\lib_stm\libLibraries.a(stm32f401re_i2c.o)
                                      0x3af28 (size before relaxing)
 .debug_str     0x000000000003d869      0xb54 E:\Funix_302_iot\Thuvien\SDK_1.0.3_NUCLEO-F401RE\lib_stm\libLibraries.a(stm32f401re_rcc.o)
                                      0x39aa1 (size before relaxing)

.comment        0x0000000000000000       0xce
 .comment       0x0000000000000000       0x53 ./Src/main.o
                                         0x54 (size before relaxing)
 .comment       0x0000000000000053       0x7b E:\Funix_302_iot\Thuvien\SDK_1.0.3_NUCLEO-F401RE\lib_stm\libLibraries.a(system_stm32f4xx.o)
                                         0x7c (size before relaxing)
 .comment       0x00000000000000ce       0x7c E:\Funix_302_iot\Thuvien\SDK_1.0.3_NUCLEO-F401RE\lib_stm\libLibraries.a(misc.o)
 .comment       0x00000000000000ce       0x7c E:\Funix_302_iot\Thuvien\SDK_1.0.3_NUCLEO-F401RE\lib_stm\libLibraries.a(stm32f401re_gpio.o)
 .comment       0x00000000000000ce       0x7c E:\Funix_302_iot\Thuvien\SDK_1.0.3_NUCLEO-F401RE\lib_stm\libLibraries.a(stm32f401re_i2c.o)
 .comment       0x00000000000000ce       0x7c E:\Funix_302_iot\Thuvien\SDK_1.0.3_NUCLEO-F401RE\lib_stm\libLibraries.a(stm32f401re_rcc.o)

.debug_frame    0x0000000000000000     0x1248
 .debug_frame   0x0000000000000000      0x1a0 ./Src/main.o
 .debug_frame   0x00000000000001a0       0x74 E:\Funix_302_iot\Thuvien\SDK_1.0.3_NUCLEO-F401RE\lib_stm\libLibraries.a(system_stm32f4xx.o)
 .debug_frame   0x0000000000000214       0xd8 E:\Funix_302_iot\Thuvien\SDK_1.0.3_NUCLEO-F401RE\lib_stm\libLibraries.a(misc.o)
 .debug_frame   0x00000000000002ec      0x23c E:\Funix_302_iot\Thuvien\SDK_1.0.3_NUCLEO-F401RE\lib_stm\libLibraries.a(stm32f401re_gpio.o)
 .debug_frame   0x0000000000000528      0x580 E:\Funix_302_iot\Thuvien\SDK_1.0.3_NUCLEO-F401RE\lib_stm\libLibraries.a(stm32f401re_i2c.o)
 .debug_frame   0x0000000000000aa8      0x774 E:\Funix_302_iot\Thuvien\SDK_1.0.3_NUCLEO-F401RE\lib_stm\libLibraries.a(stm32f401re_rcc.o)
 .debug_frame   0x000000000000121c       0x2c c:/st/stm32cubeide_1.7.0/stm32cubeide/plugins/com.st.stm32cube.ide.mcu.externaltools.gnu-tools-for-stm32.9-2020-q2-update.win32_2.0.0.202105311346/tools/bin/../lib/gcc/arm-none-eabi/9.3.1/../../../../arm-none-eabi/lib/thumb/v7e-m+fp/hard\libc_nano.a(lib_a-init.o)
