Component: ARM Compiler 5.06 update 1 (build 61) Tool: armlink [4d35a8]

==============================================================================

Section Cross References

    startup_stm32f103xb.o(RESET) refers to startup_stm32f103xb.o(STACK) for __initial_sp
    startup_stm32f103xb.o(RESET) refers to startup_stm32f103xb.o(.text) for Reset_Handler
    startup_stm32f103xb.o(RESET) refers to stm32f1xx_it.o(i.NMI_Handler) for NMI_Handler
    startup_stm32f103xb.o(RESET) refers to stm32f1xx_it.o(i.HardFault_Handler) for HardFault_Handler
    startup_stm32f103xb.o(RESET) refers to stm32f1xx_it.o(i.MemManage_Handler) for MemManage_Handler
    startup_stm32f103xb.o(RESET) refers to stm32f1xx_it.o(i.BusFault_Handler) for BusFault_Handler
    startup_stm32f103xb.o(RESET) refers to stm32f1xx_it.o(i.UsageFault_Handler) for UsageFault_Handler
    startup_stm32f103xb.o(RESET) refers to port.o(.emb_text) for SVC_Handler
    startup_stm32f103xb.o(RESET) refers to stm32f1xx_it.o(i.DebugMon_Handler) for DebugMon_Handler
    startup_stm32f103xb.o(RESET) refers to port.o(i.SysTick_Handler) for SysTick_Handler
    startup_stm32f103xb.o(RESET) refers to stm32f1xx_it.o(i.TIM4_IRQHandler) for TIM4_IRQHandler
    startup_stm32f103xb.o(RESET) refers to stm32f1xx_it.o(i.USART2_IRQHandler) for USART2_IRQHandler
    startup_stm32f103xb.o(.text) refers to system_stm32f1xx.o(i.SystemInit) for SystemInit
    startup_stm32f103xb.o(.text) refers to entry.o(.ARM.Collect$$$$00000000) for __main
    main.o(i.DHT11_Read) refers to stm32f1xx_hal.o(i.HAL_GetTick) for HAL_GetTick
    main.o(i.DHT11_Read) refers to stm32f1xx_hal_gpio.o(i.HAL_GPIO_ReadPin) for HAL_GPIO_ReadPin
    main.o(i.DHT11_Read) refers to main.o(i.microDelay) for microDelay
    main.o(i.DHT11_Read) refers to main.o(.data) for .data
    main.o(i.DHT11_Start) refers to stm32f1xx_hal_gpio.o(i.HAL_GPIO_Init) for HAL_GPIO_Init
    main.o(i.DHT11_Start) refers to stm32f1xx_hal_gpio.o(i.HAL_GPIO_WritePin) for HAL_GPIO_WritePin
    main.o(i.DHT11_Start) refers to stm32f1xx_hal.o(i.HAL_Delay) for HAL_Delay
    main.o(i.DHT11_Start) refers to main.o(i.microDelay) for microDelay
    main.o(i.DHT11_Start) refers to stm32f1xx_hal_gpio.o(i.HAL_GPIO_ReadPin) for HAL_GPIO_ReadPin
    main.o(i.DHT11_Start) refers to stm32f1xx_hal.o(i.HAL_GetTick) for HAL_GetTick
    main.o(i.DHT11_Start) refers to main.o(.data) for .data
    main.o(i.HAL_TIM_PeriodElapsedCallback) refers to stm32f1xx_hal.o(i.HAL_IncTick) for HAL_IncTick
    main.o(i.HAL_UART_RxCpltCallback) refers to tasks.o(i.xTaskResumeFromISR) for xTaskResumeFromISR
    main.o(i.HAL_UART_RxCpltCallback) refers to stm32f1xx_hal_uart.o(i.HAL_UART_Receive_IT) for HAL_UART_Receive_IT
    main.o(i.HAL_UART_RxCpltCallback) refers to main.o(.data) for .data
    main.o(i.HAL_UART_RxCpltCallback) refers to main.o(.bss) for .bss
    main.o(i.MPU6050_Init) refers to stm32f1xx_hal_i2c.o(i.HAL_I2C_Mem_Read) for HAL_I2C_Mem_Read
    main.o(i.MPU6050_Init) refers to stm32f1xx_hal_i2c.o(i.HAL_I2C_Mem_Write) for HAL_I2C_Mem_Write
    main.o(i.MPU6050_Init) refers to main.o(.bss) for .bss
    main.o(i.MPU6050_Read_Accel) refers to stm32f1xx_hal_i2c.o(i.HAL_I2C_Mem_Read) for HAL_I2C_Mem_Read
    main.o(i.MPU6050_Read_Accel) refers to dflti.o(.text) for __aeabi_i2d
    main.o(i.MPU6050_Read_Accel) refers to dscalb.o(.text) for __ARM_scalbn
    main.o(i.MPU6050_Read_Accel) refers to d2f.o(.text) for __aeabi_d2f
    main.o(i.MPU6050_Read_Accel) refers to main.o(.bss) for .bss
    main.o(i.MPU6050_Read_Accel) refers to main.o(.data) for .data
    main.o(i.MPU6050_Read_Gyro) refers to stm32f1xx_hal_i2c.o(i.HAL_I2C_Mem_Read) for HAL_I2C_Mem_Read
    main.o(i.MPU6050_Read_Gyro) refers to dflti.o(.text) for __aeabi_i2d
    main.o(i.MPU6050_Read_Gyro) refers to ddiv.o(.text) for __aeabi_ddiv
    main.o(i.MPU6050_Read_Gyro) refers to d2f.o(.text) for __aeabi_d2f
    main.o(i.MPU6050_Read_Gyro) refers to main.o(.bss) for .bss
    main.o(i.MPU6050_Read_Gyro) refers to main.o(.data) for .data
    main.o(i.MX_GPIO_Init) refers to stm32f1xx_hal_gpio.o(i.HAL_GPIO_WritePin) for HAL_GPIO_WritePin
    main.o(i.MX_GPIO_Init) refers to stm32f1xx_hal_gpio.o(i.HAL_GPIO_Init) for HAL_GPIO_Init
    main.o(i.MX_TIM1_Init) refers to stm32f1xx_hal_tim.o(i.HAL_TIM_Base_Init) for HAL_TIM_Base_Init
    main.o(i.MX_TIM1_Init) refers to stm32f1xx_hal_tim.o(i.HAL_TIM_ConfigClockSource) for HAL_TIM_ConfigClockSource
    main.o(i.MX_TIM1_Init) refers to stm32f1xx_hal_tim_ex.o(i.HAL_TIMEx_MasterConfigSynchronization) for HAL_TIMEx_MasterConfigSynchronization
    main.o(i.MX_TIM1_Init) refers to main.o(.bss) for .bss
    main.o(i.StartReadAccelTask) refers to main.o(i.MPU6050_Read_Accel) for MPU6050_Read_Accel
    main.o(i.StartReadAccelTask) refers to cmsis_os.o(i.osMailAlloc) for osMailAlloc
    main.o(i.StartReadAccelTask) refers to cmsis_os.o(i.osMailPut) for osMailPut
    main.o(i.StartReadAccelTask) refers to cmsis_os.o(i.osDelay) for osDelay
[...]
    .text                                    0x080004ec   Section        0  dfltui.o(.text)
    .text                                    0x08000506   Section        0  f2d.o(.text)
    .text                                    0x0800052c   Section        0  d2f.o(.text)
    .text                                    0x08000564   Section        0  uidiv.o(.text)
    .text                                    0x08000590   Section        0  uldiv.o(.text)
    .text                                    0x080005f2   Section        0  iusefp.o(.text)
    .text                                    0x080005f2   Section        0  fepilogue.o(.text)
    .text                                    0x08000660   Section        0  depilogue.o(.text)
    .text                                    0x0800071a   Section        0  dadd.o(.text)
    .text                                    0x08000868   Section        0  dmul.o(.text)
    .text                                    0x0800094c   Section        0  dfixul.o(.text)
    .text                                    0x0800097c   Section       48  cdrcmple.o(.text)
    .text                                    0x080009ac   Section       36  init.o(.text)
    .text                                    0x080009d0   Section        0  llshl.o(.text)
    .text                                    0x080009ee   Section        0  llsshr.o(.text)
    i.BusFault_Handler                       0x08000a12   Section        0  stm32f1xx_it.o(i.BusFault_Handler)
    i.DHT11_Read                             0x08000a14   Section        0  main.o(i.DHT11_Read)
    i.DHT11_Start                            0x08000ab0   Section        0  main.o(i.DHT11_Start)
    i.DebugMon_Handler                       0x08000b58   Section        0  stm32f1xx_it.o(i.DebugMon_Handler)
    i.HAL_DMA_Abort                          0x08000b5a   Section        0  stm32f1xx_hal_dma.o(i.HAL_DMA_Abort)
    i.HAL_DMA_Abort_IT                       0x08000ba0   Section        0  stm32f1xx_hal_dma.o(i.HAL_DMA_Abort_IT)
    i.HAL_Delay                              0x08000c38   Section        0  stm32f1xx_hal.o(i.HAL_Delay)
    i.HAL_GPIO_Init                          0x08000c5c   Section        0  stm32f1xx_hal_gpio.o(i.HAL_GPIO_Init)
    i.HAL_GPIO_ReadPin                       0x08000e3c   Section        0  stm32f1xx_hal_gpio.o(i.HAL_GPIO_ReadPin)
    i.HAL_GPIO_WritePin                      0x08000e46   Section        0  stm32f1xx_hal_gpio.o(i.HAL_GPIO_WritePin)
    i.HAL_GetTick                            0x08000e50   Section        0  stm32f1xx_hal.o(i.HAL_GetTick)
    i.HAL_I2C_Init                           0x08000e5c   Section        0  stm32f1xx_hal_i2c.o(i.HAL_I2C_Init)
    i.HAL_I2C_Master_Transmit                0x08000fe4   Section        0  stm32f1xx_hal_i2c.o(i.HAL_I2C_Master_Transmit)
    i.HAL_I2C_Mem_Read                       0x08001110   Section        0  stm32f1xx_hal_i2c.o(i.HAL_I2C_Mem_Read)
    i.HAL_I2C_Mem_Write                      0x08001360   Section        0  stm32f1xx_hal_i2c.o(i.HAL_I2C_Mem_Write)
    i.HAL_I2C_MspInit                        0x08001490   Section        0  stm32f1xx_hal_msp.o(i.HAL_I2C_MspInit)
    i.HAL_IncTick                            0x080014ec   Section        0  stm32f1xx_hal.o(i.HAL_IncTick)
    i.HAL_Init                               0x080014fc   Section        0  stm32f1xx_hal.o(i.HAL_Init)
    i.HAL_InitTick                           0x08001520   Section        0  stm32f1xx_hal_timebase_tim.o(i.HAL_InitTick)
    i.HAL_MspInit                            0x08001594   Section        0  stm32f1xx_hal_msp.o(i.HAL_MspInit)
    i.HAL_NVIC_EnableIRQ                     0x080015dc   Section        0  stm32f1xx_hal_cortex.o(i.HAL_NVIC_EnableIRQ)
    i.HAL_NVIC_SetPriority                   0x080015f8   Section        0  stm32f1xx_hal_cortex.o(i.HAL_NVIC_SetPriority)
    i.HAL_NVIC_SetPriorityGrouping           0x08001638   Section        0  stm32f1xx_hal_cortex.o(i.HAL_NVIC_SetPriorityGrouping)
    i.HAL_RCC_ClockConfig                    0x0800165c   Section        0  stm32f1xx_hal_rcc.o(i.HAL_RCC_ClockConfig)
    i.HAL_RCC_GetClockConfig                 0x08001788   Section        0  stm32f1xx_hal_rcc.o(i.HAL_RCC_GetClockConfig)
    i.HAL_RCC_GetPCLK1Freq                   0x080017c8   Section        0  stm32f1xx_hal_rcc.o(i.HAL_RCC_GetPCLK1Freq)
    i.HAL_RCC_GetPCLK2Freq                   0x080017e8   Section        0  stm32f1xx_hal_rcc.o(i.HAL_RCC_GetPCLK2Freq)
    i.HAL_RCC_GetSysClockFreq                0x08001808   Section        0  stm32f1xx_hal_rcc.o(i.HAL_RCC_GetSysClockFreq)
    i.HAL_RCC_OscConfig                      0x08001874   Section        0  stm32f1xx_hal_rcc.o(i.HAL_RCC_OscConfig)
    i.HAL_TIMEx_BreakCallback                0x08001b94   Section        0  stm32f1xx_hal_tim_ex.o(i.HAL_TIMEx_BreakCallback)
    i.HAL_TIMEx_CommutCallback               0x08001b96   Section        0  stm32f1xx_hal_tim_ex.o(i.HAL_TIMEx_CommutCallback)
    i.HAL_TIMEx_MasterConfigSynchronization  0x08001b98   Section        0  stm32f1xx_hal_tim_ex.o(i.HAL_TIMEx_MasterConfigSynchronization)
    i.HAL_TIM_Base_Init                      0x08001c00   Section        0  stm32f1xx_hal_tim.o(i.HAL_TIM_Base_Init)
    i.HAL_TIM_Base_MspInit                   0x08001c5c   Section        0  stm32f1xx_hal_msp.o(i.HAL_TIM_Base_MspInit)
    i.HAL_TIM_Base_Start                     0x08001c84   Section        0  stm32f1xx_hal_tim.o(i.HAL_TIM_Base_Start)
    i.HAL_TIM_Base_Start_IT                  0x08001cd4   Section        0  stm32f1xx_hal_tim.o(i.HAL_TIM_Base_Start_IT)
    i.HAL_TIM_ConfigClockSource              0x08001d2c   Section        0  stm32f1xx_hal_tim.o(i.HAL_TIM_ConfigClockSource)
    i.HAL_TIM_IC_CaptureCallback             0x08001e02   Section        0  stm32f1xx_hal_tim.o(i.HAL_TIM_IC_CaptureCallback)
    i.HAL_TIM_IRQHandler                     0x08001e04   Section        0  stm32f1xx_hal_tim.o(i.HAL_TIM_IRQHandler)
    i.HAL_TIM_OC_DelayElapsedCallback        0x08001f6a   Section        0  stm32f1xx_hal_tim.o(i.HAL_TIM_OC_DelayElapsedCallback)
    i.HAL_TIM_PWM_PulseFinishedCallback      0x08001f6c   Section        0  stm32f1xx_hal_tim.o(i.HAL_TIM_PWM_PulseFinishedCallback)
    i.HAL_TIM_PeriodElapsedCallback          0x08001f70   Section        0  main.o(i.HAL_TIM_PeriodElapsedCallback)
    i.HAL_TIM_TriggerCallback                0x08001f84   Section        0  stm32f1xx_hal_tim.o(i.HAL_TIM_TriggerCallback)
    i.HAL_UARTEx_RxEventCallback             0x08001f86   Section        0  stm32f1xx_hal_uart.o(i.HAL_UARTEx_RxEventCallback)
    i.HAL_UART_ErrorCallback                 0x08001f88   Section        0  stm32f1xx_hal_uart.o(i.HAL_UART_ErrorCallback)
    i.HAL_UART_IRQHandler                    0x08001f8c   Section        0  stm32f1xx_hal_uart.o(i.HAL_UART_IRQHandler)
    i.HAL_UART_Init                          0x08002198   Section        0  stm32f1xx_hal_uart.o(i.HAL_UART_Init)
    i.HAL_UART_MspInit                       0x080021fc   Section        0  stm32f1xx_hal_msp.o(i.HAL_UART_MspInit)
    i.HAL_UART_Receive_IT                    0x0800227c   Section        0  stm32f1xx_hal_uart.o(i.HAL_UART_Receive_IT)
    i.HAL_UART_RxCpltCallback                0x080022a8   Section        0  main.o(i.HAL_UART_RxCpltCallback)
    i.HAL_UART_Transmit                      0x080022e4   Section        0  stm32f1xx_hal_uart.o(i.HAL_UART_Transmit)
    i.HAL_UART_TxCpltCallback                0x08002396   Section        0  stm32f1xx_hal_uart.o(i.HAL_UART_TxCpltCallback)
    i.HardFault_Handler                      0x08002398   Section        0  stm32f1xx_it.o(i.HardFault_Handler)
    i.I2C_IsAcknowledgeFailed                0x0800239a   Section        0  stm32f1xx_hal_i2c.o(i.I2C_IsAcknowledgeFailed)
    I2C_IsAcknowledgeFailed                  0x0800239b   Thumb Code    46  stm32f1xx_hal_i2c.o(i.I2C_IsAcknowledgeFailed)
    i.I2C_MasterRequestWrite                 0x080023c8   Section        0  stm32f1xx_hal_i2c.o(i.I2C_MasterRequestWrite)
    I2C_MasterRequestWrite                   0x080023c9   Thumb Code   150  stm32f1xx_hal_i2c.o(i.I2C_MasterRequestWrite)
    i.I2C_RequestMemoryRead                  0x08002464   Section        0  stm32f1xx_hal_i2c.o(i.I2C_RequestMemoryRead)
    I2C_RequestMemoryRead                    0x08002465   Thumb Code   246  stm32f1xx_hal_i2c.o(i.I2C_RequestMemoryRead)
    i.I2C_RequestMemoryWrite                 0x08002560   Section        0  stm32f1xx_hal_i2c.o(i.I2C_RequestMemoryWrite)
    I2C_RequestMemoryWrite                   0x08002561   Thumb Code   162  stm32f1xx_hal_i2c.o(i.I2C_RequestMemoryWrite)
    i.I2C_WaitOnBTFFlagUntilTimeout          0x08002608   Section        0  stm32f1xx_hal_i2c.o(i.I2C_WaitOnBTFFlagUntilTimeout)
    I2C_WaitOnBTFFlagUntilTimeout            0x08002609   Thumb Code    76  stm32f1xx_hal_i2c.o(i.I2C_WaitOnBTFFlagUntilTimeout)
    i.I2C_WaitOnFlagUntilTimeout             0x08002654   Section        0  stm32f1xx_hal_i2c.o(i.I2C_WaitOnFlagUntilTimeout)
    I2C_WaitOnFlagUntilTimeout               0x08002655   Thumb Code   104  stm32f1xx_hal_i2c.o(i.I2C_WaitOnFlagUntilTimeout)
    i.I2C_WaitOnMasterAddressFlagUntilTimeout 0x080026bc   Section        0  stm32f1xx_hal_i2c.o(i.I2C_WaitOnMasterAddressFlagUntilTimeout)
    I2C_WaitOnMasterAddressFlagUntilTimeout  0x080026bd   Thumb Code   150  stm32f1xx_hal_i2c.o(i.I2C_WaitOnMasterAddressFlagUntilTimeout)
    i.I2C_WaitOnRXNEFlagUntilTimeout         0x08002752   Section        0  stm32f1xx_hal_i2c.o(i.I2C_WaitOnRXNEFlagUntilTimeout)
    I2C_WaitOnRXNEFlagUntilTimeout           0x08002753   Thumb Code   102  stm32f1xx_hal_i2c.o(i.I2C_WaitOnRXNEFlagUntilTimeout)
    i.I2C_WaitOnTXEFlagUntilTimeout          0x080027b8   Section        0  stm32f1xx_hal_i2c.o(i.I2C_WaitOnTXEFlagUntilTimeout)
    I2C_WaitOnTXEFlagUntilTimeout            0x080027b9   Thumb Code    76  stm32f1xx_hal_i2c.o(i.I2C_WaitOnTXEFlagUntilTimeout)
    i.MPU6050_Init                           0x08002804   Section        0  main.o(i.MPU6050_Init)
    i.MPU6050_Read_Accel                     0x0800288c   Section        0  main.o(i.MPU6050_Read_Accel)
    i.MX_GPIO_Init                           0x08002908   Section        0  main.o(i.MX_GPIO_Init)
    MX_GPIO_Init                             0x08002909   Thumb Code   158  main.o(i.MX_GPIO_Init)
    i.MX_TIM1_Init                           0x080029b4   Section        0  main.o(i.MX_TIM1_Init)
    MX_TIM1_Init                             0x080029b5   Thumb Code    96  main.o(i.MX_TIM1_Init)
    i.MemManage_Handler                      0x08002a1c   Section        0  stm32f1xx_it.o(i.MemManage_Handler)
    i.NMI_Handler                            0x08002a1e   Section        0  stm32f1xx_it.o(i.NMI_Handler)
    i.StartReadAccelTask                     0x08002a20   Section        0  main.o(i.StartReadAccelTask)
    i.StartReadTempTask                      0x08002a60   Section        0  main.o(i.StartReadTempTask)
    i.StartSendCOMTask                       0x08002aa4   Section        0  main.o(i.StartSendCOMTask)
    i.StartSendDataTask                      0x08002b4c   Section        0  main.o(i.StartSendDataTask)
    i.SysTick_Handler                        0x08002ba8   Section        0  port.o(i.SysTick_Handler)
    i.SystemClock_Config                     0x08002bd4   Section        0  main.o(i.SystemClock_Config)
    i.SystemInit                             0x08002c32   Section        0  system_stm32f1xx.o(i.SystemInit)
    i.TIM4_IRQHandler                        0x08002c34   Section        0  stm32f1xx_it.o(i.TIM4_IRQHandler)
    i.TIM_Base_SetConfig                     0x08002c40   Section        0  stm32f1xx_hal_tim.o(i.TIM_Base_SetConfig)
    i.TIM_ETR_SetConfig                      0x08002cac   Section        0  stm32f1xx_hal_tim.o(i.TIM_ETR_SetConfig)
    i.TIM_ITRx_SetConfig                     0x08002cc0   Section        0  stm32f1xx_hal_tim.o(i.TIM_ITRx_SetConfig)
    TIM_ITRx_SetConfig                       0x08002cc1   Thumb Code    16  stm32f1xx_hal_tim.o(i.TIM_ITRx_SetConfig)
    i.TIM_TI1_ConfigInputStage               0x08002cd0   Section        0  stm32f1xx_hal_tim.o(i.TIM_TI1_ConfigInputStage)
    TIM_TI1_ConfigInputStage                 0x08002cd1   Thumb Code    34  stm32f1xx_hal_tim.o(i.TIM_TI1_ConfigInputStage)
    i.TIM_TI2_ConfigInputStage               0x08002cf2   Section        0  stm32f1xx_hal_tim.o(i.TIM_TI2_ConfigInputStage)
    TIM_TI2_ConfigInputStage                 0x08002cf3   Thumb Code    36  stm32f1xx_hal_tim.o(i.TIM_TI2_ConfigInputStage)
    i.UART_DMAAbortOnError                   0x08002d16   Section        0  stm32f1xx_hal_uart.o(i.UART_DMAAbortOnError)
    UART_DMAAbortOnError                     0x08002d17   Thumb Code    16  stm32f1xx_hal_uart.o(i.UART_DMAAbortOnError)
    i.UART_EndRxTransfer                     0x08002d26   Section        0  stm32f1xx_hal_uart.o(i.UART_EndRxTransfer)
    UART_EndRxTransfer                       0x08002d27   Thumb Code    48  stm32f1xx_hal_uart.o(i.UART_EndRxTransfer)
    i.UART_Receive_IT                        0x08002d56   Section        0  stm32f1xx_hal_uart.o(i.UART_Receive_IT)
    UART_Receive_IT                          0x08002d57   Thumb Code   182  stm32f1xx_hal_uart.o(i.UART_Receive_IT)
    i.UART_SetConfig                         0x08002e0c   Section        0  stm32f1xx_hal_uart.o(i.UART_SetConfig)
    UART_SetConfig                           0x08002e0d   Thumb Code   178  stm32f1xx_hal_uart.o(i.UART_SetConfig)
    i.UART_Start_Receive_IT                  0x08002ec4   Section        0  stm32f1xx_hal_uart.o(i.UART_Start_Receive_IT)
    i.UART_WaitOnFlagUntilTimeout            0x08002efa   Section        0  stm32f1xx_hal_uart.o(i.UART_WaitOnFlagUntilTimeout)
    UART_WaitOnFlagUntilTimeout              0x08002efb   Thumb Code   100  stm32f1xx_hal_uart.o(i.UART_WaitOnFlagUntilTimeout)
    i.USART2_IRQHandler                      0x08002f60   Section        0  stm32f1xx_it.o(i.USART2_IRQHandler)
    i.UsageFault_Handler                     0x08002f6c   Section        0  stm32f1xx_it.o(i.UsageFault_Handler)
    i.__0printf                              0x08002f70   Section        0  printfa.o(i.__0printf)
    i.__0sprintf                             0x08002f90   Section        0  printfa.o(i.__0sprintf)
    i.__NVIC_SetPriority                     0x08002fb8   Section        0  stm32f1xx_hal_cortex.o(i.__NVIC_SetPriority)
    __NVIC_SetPriority                       0x08002fb9   Thumb Code    32  stm32f1xx_hal_cortex.o(i.__NVIC_SetPriority)
    i.__scatterload_copy                     0x08002fd8   Section       14  handlers.o(i.__scatterload_copy)
    i.__scatterload_null                     0x08002fe6   Section        2  handlers.o(i.__scatterload_null)
    i.__scatterload_zeroinit                 0x08002fe8   Section       14  handlers.o(i.__scatterload_zeroinit)
    i._fp_digits                             0x08002ff8   Section        0  printfa.o(i._fp_digits)
    _fp_digits                               0x08002ff9   Thumb Code   334  printfa.o(i._fp_digits)
    i._printf_core                           0x0800315c   Section        0  printfa.o(i._printf_core)
    _printf_core                             0x0800315d   Thumb Code  1744  printfa.o(i._printf_core)
    i._printf_post_padding                   0x08003838   Section        0  printfa.o(i._printf_post_padding)
    _printf_post_padding                     0x08003839   Thumb Code    36  printfa.o(i._printf_post_padding)
    i._printf_pre_padding                    0x0800385c   Section        0  printfa.o(i._printf_pre_padding)
    _printf_pre_padding                      0x0800385d   Thumb Code    46  printfa.o(i._printf_pre_padding)
    i._sputc                                 0x0800388a   Section        0  printfa.o(i._sputc)
    _sputc                                   0x0800388b   Thumb Code    10  printfa.o(i._sputc)
    i.fputc                                  0x08003894   Section        0  main.o(i.fputc)
    i.getDataDHT                             0x080038ac   Section        0  main.o(i.getDataDHT)
    i.inHandlerMode                          0x08003960   Section        0  cmsis_os.o(i.inHandlerMode)
    inHandlerMode                            0x08003961   Thumb Code    12  cmsis_os.o(i.inHandlerMode)
    i.lcd_clear                              0x0800396c   Section        0  main.o(i.lcd_clear)
    i.lcd_init                               0x0800398c   Section        0  main.o(i.lcd_init)
    i.lcd_put_cur                            0x08003a04   Section        0  main.o(i.lcd_put_cur)
    i.lcd_send_cmd                           0x08003a1c   Section        0  main.o(i.lcd_send_cmd)
    i.lcd_send_data                          0x08003a5c   Section        0  main.o(i.lcd_send_data)
    i.lcd_send_string                        0x08003a9c   Section        0  main.o(i.lcd_send_string)
    i.main                                   0x08003ab0   Section        0  main.o(i.main)
    i.makeFreeRtosPriority                   0x08003be8   Section        0  cmsis_os.o(i.makeFreeRtosPriority)
    makeFreeRtosPriority                     0x08003be9   Thumb Code    12  cmsis_os.o(i.makeFreeRtosPriority)
    i.microDelay                             0x08003bf4   Section        0  main.o(i.microDelay)
    i.osDelay                                0x08003c0c   Section        0  cmsis_os.o(i.osDelay)
    i.osKernelStart                          0x08003c1a   Section        0  cmsis_os.o(i.osKernelStart)
    i.osMailAlloc                            0x08003c24   Section        0  cmsis_os.o(i.osMailAlloc)
    i.osMailCreate                           0x08003c30   Section        0  cmsis_os.o(i.osMailCreate)
    i.osMailFree                             0x08003c8c   Section        0  cmsis_os.o(i.osMailFree)
    i.osMailGet                              0x08003c98   Section        0  cmsis_os.o(i.osMailGet)
    i.osMailPut                              0x08003d28   Section        0  cmsis_os.o(i.osMailPut)
    i.osMessageCreate                        0x08003d84   Section        0  cmsis_os.o(i.osMessageCreate)
    i.osPoolAlloc                            0x08003daa   Section        0  cmsis_os.o(i.osPoolAlloc)
    i.osPoolCreate                           0x08003e14   Section        0  cmsis_os.o(i.osPoolCreate)
    i.osPoolFree                             0x08003e72   Section        0  cmsis_os.o(i.osPoolFree)
    i.osThreadCreate                         0x08003ea2   Section        0  cmsis_os.o(i.osThreadCreate)
    i.prvAddCurrentTaskToDelayedList         0x08003ef8   Section        0  tasks.o(i.prvAddCurrentTaskToDelayedList)
    prvAddCurrentTaskToDelayedList           0x08003ef9   Thumb Code   102  tasks.o(i.prvAddCurrentTaskToDelayedList)
    i.prvAddNewTaskToReadyList               0x08003f68   Section        0  tasks.o(i.prvAddNewTaskToReadyList)
    prvAddNewTaskToReadyList                 0x08003f69   Thumb Code   194  tasks.o(i.prvAddNewTaskToReadyList)
    i.prvCopyDataFromQueue                   0x08004038   Section        0  queue.o(i.prvCopyDataFromQueue)
    prvCopyDataFromQueue                     0x08004039   Thumb Code    38  queue.o(i.prvCopyDataFromQueue)
    i.prvCopyDataToQueue                     0x0800405e   Section        0  queue.o(i.prvCopyDataToQueue)
    prvCopyDataToQueue                       0x0800405f   Thumb Code   108  queue.o(i.prvCopyDataToQueue)
    i.prvDeleteTCB                           0x080040ca   Section        0  tasks.o(i.prvDeleteTCB)
    prvDeleteTCB                             0x080040cb   Thumb Code    52  tasks.o(i.prvDeleteTCB)
    i.prvHeapInit                            0x08004100   Section        0  heap_4.o(i.prvHeapInit)
    prvHeapInit                              0x08004101   Thumb Code    66  heap_4.o(i.prvHeapInit)
    i.prvIdleTask                            0x0800414c   Section        0  tasks.o(i.prvIdleTask)
    prvIdleTask                              0x0800414d   Thumb Code    82  tasks.o(i.prvIdleTask)
    i.prvInitialiseNewQueue                  0x080041ac   Section        0  queue.o(i.prvInitialiseNewQueue)
    prvInitialiseNewQueue                    0x080041ad   Thumb Code    22  queue.o(i.prvInitialiseNewQueue)
    i.prvInitialiseNewTask                   0x080041c2   Section        0  tasks.o(i.prvInitialiseNewTask)
    prvInitialiseNewTask                     0x080041c3   Thumb Code   142  tasks.o(i.prvInitialiseNewTask)
    i.prvInsertBlockIntoFreeList             0x08004250   Section        0  heap_4.o(i.prvInsertBlockIntoFreeList)
    prvInsertBlockIntoFreeList               0x08004251   Thumb Code    72  heap_4.o(i.prvInsertBlockIntoFreeList)
    i.prvIsQueueEmpty                        0x0800429c   Section        0  queue.o(i.prvIsQueueEmpty)
    prvIsQueueEmpty                          0x0800429d   Thumb Code    28  queue.o(i.prvIsQueueEmpty)
    i.prvResetNextTaskUnblockTime            0x080042b8   Section        0  tasks.o(i.prvResetNextTaskUnblockTime)
    prvResetNextTaskUnblockTime              0x080042b9   Thumb Code    26  tasks.o(i.prvResetNextTaskUnblockTime)
    i.prvTaskExitError                       0x080042d8   Section        0  port.o(i.prvTaskExitError)
    prvTaskExitError                         0x080042d9   Thumb Code    36  port.o(i.prvTaskExitError)
    i.prvTaskIsTaskSuspended                 0x08004300   Section        0  tasks.o(i.prvTaskIsTaskSuspended)
    prvTaskIsTaskSuspended                   0x08004301   Thumb Code    48  tasks.o(i.prvTaskIsTaskSuspended)
    i.prvUnlockQueue                         0x08004334   Section        0  queue.o(i.prvUnlockQueue)
    prvUnlockQueue                           0x08004335   Thumb Code   106  queue.o(i.prvUnlockQueue)
    i.pvPortMalloc                           0x080043a0   Section        0  heap_4.o(i.pvPortMalloc)
    i.pxPortInitialiseStack                  0x08004478   Section        0  port.o(i.pxPortInitialiseStack)
    i.sendToLCD                              0x0800449c   Section        0  main.o(i.sendToLCD)
    i.uxListRemove                           0x0800455c   Section        0  list.o(i.uxListRemove)
    i.vApplicationGetIdleTaskMemory          0x08004584   Section        0  freertos.o(i.vApplicationGetIdleTaskMemory)
    i.vListInitialise                        0x08004598   Section        0  list.o(i.vListInitialise)
    i.vListInitialiseItem                    0x080045ae   Section        0  list.o(i.vListInitialiseItem)
    i.vListInsert                            0x080045b4   Section        0  list.o(i.vListInsert)
    i.vListInsertEnd                         0x080045e4   Section        0  list.o(i.vListInsertEnd)
    i.vPortEnterCritical                     0x080045fc   Section        0  port.o(i.vPortEnterCritical)
    i.vPortExitCritical                      0x0800463c   Section        0  port.o(i.vPortExitCritical)
    i.vPortFree                              0x08004664   Section        0  heap_4.o(i.vPortFree)
    i.vPortSetupTimerInterrupt               0x080046c0   Section        0  port.o(i.vPortSetupTimerInterrupt)
    i.vPortValidateInterruptPriority         0x080046e4   Section        0  port.o(i.vPortValidateInterruptPriority)
    i.vTaskDelay                             0x08004738   Section        0  tasks.o(i.vTaskDelay)
    i.vTaskInternalSetTimeOutState           0x08004784   Section        0  tasks.o(i.vTaskInternalSetTimeOutState)
    i.vTaskMissedYield                       0x08004794   Section        0  tasks.o(i.vTaskMissedYield)
    i.vTaskPlaceOnEventList                  0x080047a0   Section        0  tasks.o(i.vTaskPlaceOnEventList)
    i.vTaskStartScheduler                    0x080047d0   Section        0  tasks.o(i.vTaskStartScheduler)
    i.vTaskSuspend                           0x0800483c   Section        0  tasks.o(i.vTaskSuspend)
    i.vTaskSuspendAll                        0x080048f8   Section        0  tasks.o(i.vTaskSuspendAll)
    i.vTaskSwitchContext                     0x08004908   Section        0  tasks.o(i.vTaskSwitchContext)
    i.xPortStartScheduler                    0x08004964   Section        0  port.o(i.xPortStartScheduler)
    i.xQueueGenericCreate                    0x08004a0c   Section        0  queue.o(i.xQueueGenericCreate)
    i.xQueueGenericCreateStatic              0x08004a54   Section        0  queue.o(i.xQueueGenericCreateStatic)
    i.xQueueGenericReset                     0x08004abc   Section        0  queue.o(i.xQueueGenericReset)
    i.xQueueGenericSend                      0x08004b44   Section        0  queue.o(i.xQueueGenericSend)
    i.xQueueGenericSendFromISR               0x08004ca4   Section        0  queue.o(i.xQueueGenericSendFromISR)
    i.xQueueReceive                          0x08004d60   Section        0  queue.o(i.xQueueReceive)
    i.xQueueReceiveFromISR                   0x08004e98   Section        0  queue.o(i.xQueueReceiveFromISR)
    i.xTaskCheckForTimeOut                   0x08004f34   Section        0  tasks.o(i.xTaskCheckForTimeOut)
    i.xTaskCreate                            0x08004fa8   Section        0  tasks.o(i.xTaskCreate)
    i.xTaskCreateStatic                      0x08005002   Section        0  tasks.o(i.xTaskCreateStatic)
    i.xTaskGetSchedulerState                 0x08005058   Section        0  tasks.o(i.xTaskGetSchedulerState)
    i.xTaskIncrementTick                     0x08005074   Section        0  tasks.o(i.xTaskIncrementTick)
    i.xTaskPriorityDisinherit                0x0800513c   Section        0  tasks.o(i.xTaskPriorityDisinherit)
    i.xTaskRemoveFromEventList               0x080051d4   Section        0  tasks.o(i.xTaskRemoveFromEventList)
    i.xTaskResumeAll                         0x08005248   Section        0  tasks.o(i.xTaskResumeAll)
    i.xTaskResumeFromISR                     0x0800530c   Section        0  tasks.o(i.xTaskResumeFromISR)
    .constdata                               0x08005394   Section      140  main.o(.constdata)
    .constdata                               0x08005420   Section       16  system_stm32f1xx.o(.constdata)
    .constdata                               0x08005430   Section        8  system_stm32f1xx.o(.constdata)
    .conststring                             0x08005438   Section       57  main.o(.conststring)
    .data                                    0x20000000   Section       96  main.o(.data)
    .data                                    0x20000060   Section       12  stm32f1xx_hal.o(.data)
    .data                                    0x2000006c   Section        4  system_stm32f1xx.o(.data)
    .data                                    0x20000070   Section       60  tasks.o(.data)
    pxDelayedTaskList                        0x20000074   Data           4  tasks.o(.data)
    pxOverflowDelayedTaskList                0x20000078   Data           4  tasks.o(.data)
    uxDeletedTasksWaitingCleanUp             0x2000007c   Data           4  tasks.o(.data)
    uxCurrentNumberOfTasks                   0x20000080   Data           4  tasks.o(.data)
    xTickCount                               0x20000084   Data           4  tasks.o(.data)
    uxTopReadyPriority                       0x20000088   Data           4  tasks.o(.data)
    xSchedulerRunning                        0x2000008c   Data           4  tasks.o(.data)
    uxPendedTicks                            0x20000090   Data           4  tasks.o(.data)
    xYieldPending                            0x20000094   Data           4  tasks.o(.data)
    xNumOfOverflows                          0x20000098   Data           4  tasks.o(.data)
    uxTaskNumber                             0x2000009c   Data           4  tasks.o(.data)
    xNextTaskUnblockTime                     0x200000a0   Data           4  tasks.o(.data)
    xIdleTaskHandle                          0x200000a4   Data           4  tasks.o(.data)
    uxSchedulerSuspended                     0x200000a8   Data           4  tasks.o(.data)
    .data                                    0x200000ac   Section       24  heap_4.o(.data)
    pxEnd                                    0x200000ac   Data           4  heap_4.o(.data)
    xFreeBytesRemaining                      0x200000b0   Data           4  heap_4.o(.data)
    xMinimumEverFreeBytesRemaining           0x200000b4   Data           4  heap_4.o(.data)
    xBlockAllocatedBit                       0x200000b8   Data           4  heap_4.o(.data)
    xStart                                   0x200000bc   Data           8  heap_4.o(.data)
    .data                                    0x200000c4   Section       12  port.o(.data)
    ucMaxSysCallPriority                     0x200000c4   Data           1  port.o(.data)
    uxCriticalNesting                        0x200000c8   Data           4  port.o(.data)
    ulMaxPRIGROUPValue                       0x200000cc   Data           4  port.o(.data)
    .data                                    0x200000d0   Section        4  stdout.o(.data)
    .bss                                     0x200000d4   Section      224  main.o(.bss)
    .bss                                     0x200001b4   Section      596  freertos.o(.bss)
    xIdleTaskTCBBuffer                       0x200001b4   Data          84  freertos.o(.bss)
    xIdleStack                               0x20000208   Data         512  freertos.o(.bss)
    .bss                                     0x20000408   Section       72  stm32f1xx_hal_timebase_tim.o(.bss)
    .bss                                     0x20000450   Section      240  tasks.o(.bss)
    pxReadyTasksLists                        0x20000450   Data         140  tasks.o(.bss)
    xDelayedTaskList1                        0x200004dc   Data          20  tasks.o(.bss)
    xDelayedTaskList2                        0x200004f0   Data          20  tasks.o(.bss)
    xPendingReadyList                        0x20000504   Data          20  tasks.o(.bss)
    xTasksWaitingTermination                 0x20000518   Data          20  tasks.o(.bss)
    xSuspendedTaskList                       0x2000052c   Data          20  tasks.o(.bss)
    .bss                                     0x20000540   Section     3072  heap_4.o(.bss)
    ucHeap                                   0x20000540   Data        3072  heap_4.o(.bss)
    STACK                                    0x20001140   Section     1024  startup_stm32f103xb.o(STACK)

    Global Symbols

    Symbol Name                              Value     Ov Type        Size  Object(Section)

    BuildAttributes$$THM_ISAv4$P$D$K$B$S$PE$A:L22UL41UL21$X:L11$S22US41US21$IEEE1$IW$USESV6$~STKCKD$USESV7$~SHL$OTIME$ROPI$EBA8$MICROLIB$REQ8$PRES8$EABIv2 0x00000000   Number         0  anon$$obj.o ABSOLUTE
    __ARM_use_no_argv                        0x00000000   Number         0  main.o ABSOLUTE
    _printf_a                                0x00000000   Number         0  stubs.o ABSOLUTE
    _printf_c                                0x00000000   Number         0  stubs.o ABSOLUTE
    _printf_charcount                        0x00000000   Number         0  stubs.o ABSOLUTE
    _printf_d                                0x00000000   Number         0  stubs.o ABSOLUTE
    _printf_e                                0x00000000   Number         0  stubs.o ABSOLUTE
    _printf_f                                0x00000000   Number         0  stubs.o ABSOLUTE
    _printf_flags                            0x00000000   Number         0  stubs.o ABSOLUTE
    _printf_fp_dec                           0x00000000   Number         0  stubs.o ABSOLUTE
    _printf_fp_hex                           0x00000000   Number         0  stubs.o ABSOLUTE
    _printf_g                                0x00000000   Number         0  stubs.o ABSOLUTE
    _printf_i                                0x00000000   Number         0  stubs.o ABSOLUTE
    _printf_int_dec                          0x00000000   Number         0  stubs.o ABSOLUTE
    _printf_l                                0x00000000   Number         0  stubs.o ABSOLUTE
    _printf_lc                               0x00000000   Number         0  stubs.o ABSOLUTE
    _printf_ll                               0x00000000   Number         0  stubs.o ABSOLUTE
    _printf_lld                              0x00000000   Number         0  stubs.o ABSOLUTE
    _printf_lli                              0x00000000   Number         0  stubs.o ABSOLUTE
    _printf_llo                              0x00000000   Number         0  stubs.o ABSOLUTE
    _printf_llu                              0x00000000   Number         0  stubs.o ABSOLUTE
    _printf_llx                              0x00000000   Number         0  stubs.o ABSOLUTE
    _printf_longlong_dec                     0x00000000   Number         0  stubs.o ABSOLUTE
    _printf_longlong_hex                     0x00000000   Number         0  stubs.o ABSOLUTE
    _printf_longlong_oct                     0x00000000   Number         0  stubs.o ABSOLUTE
    _printf_ls                               0x00000000   Number         0  stubs.o ABSOLUTE
    _printf_mbtowc                           0x00000000   Number         0  stubs.o ABSOLUTE
    _printf_n                                0x00000000   Number         0  stubs.o ABSOLUTE
    _printf_o                                0x00000000   Number         0  stubs.o ABSOLUTE
    _printf_p                                0x00000000   Number         0  stubs.o ABSOLUTE
    _printf_percent                          0x00000000   Number         0  stubs.o ABSOLUTE
    _printf_pre_padding                      0x00000000   Number         0  stubs.o ABSOLUTE
    _printf_return_value                     0x00000000   Number         0  stubs.o ABSOLUTE
    _printf_s                                0x00000000   Number         0  stubs.o ABSOLUTE
    _printf_sizespec                         0x00000000   Number         0  stubs.o ABSOLUTE
    _printf_str                              0x00000000   Number         0  stubs.o ABSOLUTE
    _printf_truncate_signed                  0x00000000   Number         0  stubs.o ABSOLUTE
    _printf_truncate_unsigned                0x00000000   Number         0  stubs.o ABSOLUTE
    _printf_u                                0x00000000   Number         0  stubs.o ABSOLUTE
    _printf_wc                               0x00000000   Number         0  stubs.o ABSOLUTE
    _printf_wctomb                           0x00000000   Number         0  stubs.o ABSOLUTE
    _printf_widthprec                        0x00000000   Number         0  stubs.o ABSOLUTE
    _printf_x                                0x00000000   Number         0  stubs.o ABSOLUTE
    __cpp_initialize__aeabi_                  - Undefined Weak Reference
    __cxa_finalize                            - Undefined Weak Reference
    __decompress                              - Undefined Weak Reference
    _clock_init                               - Undefined Weak Reference
    _microlib_exit                            - Undefined Weak Reference
    __Vectors_Size                           0x000000ec   Number         0  startup_stm32f103xb.o ABSOLUTE
    __Vectors                                0x08000000   Data           4  startup_stm32f103xb.o(RESET)
    __Vectors_End                            0x080000ec   Data           0  startup_stm32f103xb.o(RESET)
    __main                                   0x080000ed   Thumb Code     0  entry.o(.ARM.Collect$$$$00000000)
    _main_stk                                0x080000ed   Thumb Code     0  entry2.o(.ARM.Collect$$$$00000001)
    _main_scatterload                        0x080000f1   Thumb Code     0  entry5.o(.ARM.Collect$$$$00000004)
    __main_after_scatterload                 0x080000f5   Thumb Code     0  entry5.o(.ARM.Collect$$$$00000004)
    _main_clock                              0x080000f5   Thumb Code     0  entry7b.o(.ARM.Collect$$$$00000008)
    _main_cpp_init                           0x080000f5   Thumb Code     0  entry8b.o(.ARM.Collect$$$$0000000A)
    _main_init                               0x080000f5   Thumb Code     0  entry9a.o(.ARM.Collect$$$$0000000B)
    __rt_final_cpp                           0x080000fd   Thumb Code     0  entry10a.o(.ARM.Collect$$$$0000000D)
    __rt_final_exit                          0x080000fd   Thumb Code     0  entry11a.o(.ARM.Collect$$$$0000000F)
    SVC_Handler                              0x08000101   Thumb Code    32  port.o(.emb_text)
    __asm___6_port_c_39a90d8d__prvStartFirstTask 0x08000125   Thumb Code    28  port.o(.emb_text)
    PendSV_Handler                           0x08000145   Thumb Code    72  port.o(.emb_text)
    vPortGetIPSR                             0x08000191   Thumb Code     6  port.o(.emb_text)
    Reset_Handler                            0x08000199   Thumb Code     8  startup_stm32f103xb.o(.text)
    ADC1_2_IRQHandler                        0x080001b3   Thumb Code     0  startup_stm32f103xb.o(.text)
    CAN1_RX1_IRQHandler                      0x080001b3   Thumb Code     0  startup_stm32f103xb.o(.text)
    CAN1_SCE_IRQHandler                      0x080001b3   Thumb Code     0  startup_stm32f103xb.o(.text)
    DMA1_Channel1_IRQHandler                 0x080001b3   Thumb Code     0  startup_stm32f103xb.o(.text)
    DMA1_Channel2_IRQHandler                 0x080001b3   Thumb Code     0  startup_stm32f103xb.o(.text)
    DMA1_Channel3_IRQHandler                 0x080001b3   Thumb Code     0  startup_stm32f103xb.o(.text)
    DMA1_Channel4_IRQHandler                 0x080001b3   Thumb Code     0  startup_stm32f103xb.o(.text)
    DMA1_Channel5_IRQHandler                 0x080001b3   Thumb Code     0  startup_stm32f103xb.o(.text)
    DMA1_Channel6_IRQHandler                 0x080001b3   Thumb Code     0  startup_stm32f103xb.o(.text)
    DMA1_Channel7_IRQHandler                 0x080001b3   Thumb Code     0  startup_stm32f103xb.o(.text)
    EXTI0_IRQHandler                         0x080001b3   Thumb Code     0  startup_stm32f103xb.o(.text)
    EXTI15_10_IRQHandler                     0x080001b3   Thumb Code     0  startup_stm32f103xb.o(.text)
    EXTI1_IRQHandler                         0x080001b3   Thumb Code     0  startup_stm32f103xb.o(.text)
    EXTI2_IRQHandler                         0x080001b3   Thumb Code     0  startup_stm32f103xb.o(.text)
    EXTI3_IRQHandler                         0x080001b3   Thumb Code     0  startup_stm32f103xb.o(.text)
    EXTI4_IRQHandler                         0x080001b3   Thumb Code     0  startup_stm32f103xb.o(.text)
    EXTI9_5_IRQHandler                       0x080001b3   Thumb Code     0  startup_stm32f103xb.o(.text)
    FLASH_IRQHandler                         0x080001b3   Thumb Code     0  startup_stm32f103xb.o(.text)
    I2C1_ER_IRQHandler                       0x080001b3   Thumb Code     0  startup_stm32f103xb.o(.text)
    I2C1_EV_IRQHandler                       0x080001b3   Thumb Code     0  startup_stm32f103xb.o(.text)
    I2C2_ER_IRQHandler                       0x080001b3   Thumb Code     0  startup_stm32f103xb.o(.text)
    I2C2_EV_IRQHandler                       0x080001b3   Thumb Code     0  startup_stm32f103xb.o(.text)
    PVD_IRQHandler                           0x080001b3   Thumb Code     0  startup_stm32f103xb.o(.text)
    RCC_IRQHandler                           0x080001b3   Thumb Code     0  startup_stm32f103xb.o(.text)
    RTC_Alarm_IRQHandler                     0x080001b3   Thumb Code     0  startup_stm32f103xb.o(.text)
    RTC_IRQHandler                           0x080001b3   Thumb Code     0  startup_stm32f103xb.o(.text)
    SPI1_IRQHandler                          0x080001b3   Thumb Code     0  startup_stm32f103xb.o(.text)
    SPI2_IRQHandler                          0x080001b3   Thumb Code     0  startup_stm32f103xb.o(.text)
    TAMPER_IRQHandler                        0x080001b3   Thumb Code     0  startup_stm32f103xb.o(.text)
    TIM1_BRK_IRQHandler                      0x080001b3   Thumb Code     0  startup_stm32f103xb.o(.text)
    TIM1_CC_IRQHandler                       0x080001b3   Thumb Code     0  startup_stm32f103xb.o(.text)
    TIM1_TRG_COM_IRQHandler                  0x080001b3   Thumb Code     0  startup_stm32f103xb.o(.text)
    TIM1_UP_IRQHandler                       0x080001b3   Thumb Code     0  startup_stm32f103xb.o(.text)
    TIM2_IRQHandler                          0x080001b3   Thumb Code     0  startup_stm32f103xb.o(.text)
    TIM3_IRQHandler                          0x080001b3   Thumb Code     0  startup_stm32f103xb.o(.text)
    USART1_IRQHandler                        0x080001b3   Thumb Code     0  startup_stm32f103xb.o(.text)
    USART3_IRQHandler                        0x080001b3   Thumb Code     0  startup_stm32f103xb.o(.text)
    USBWakeUp_IRQHandler                     0x080001b3   Thumb Code     0  startup_stm32f103xb.o(.text)
    USB_HP_CAN1_TX_IRQHandler                0x080001b3   Thumb Code     0  startup_stm32f103xb.o(.text)
    USB_LP_CAN1_RX0_IRQHandler               0x080001b3   Thumb Code     0  startup_stm32f103xb.o(.text)
    WWDG_IRQHandler                          0x080001b3   Thumb Code     0  startup_stm32f103xb.o(.text)
    __aeabi_llsr                             0x080001bd   Thumb Code    32  llushr.o(.text)
    _ll_ushift_r                             0x080001bd   Thumb Code     0  llushr.o(.text)
    __aeabi_memcpy                           0x080001dd   Thumb Code    36  memcpya.o(.text)
    __aeabi_memcpy4                          0x080001dd   Thumb Code     0  memcpya.o(.text)
    __aeabi_memcpy8                          0x080001dd   Thumb Code     0  memcpya.o(.text)
    __aeabi_memset                           0x08000201   Thumb Code    14  memseta.o(.text)
    __aeabi_memset4                          0x08000201   Thumb Code     0  memseta.o(.text)
    __aeabi_memset8                          0x08000201   Thumb Code     0  memseta.o(.text)
    __aeabi_memclr                           0x0800020f   Thumb Code     4  memseta.o(.text)
    __aeabi_memclr4                          0x0800020f   Thumb Code     0  memseta.o(.text)
    __aeabi_memclr8                          0x0800020f   Thumb Code     0  memseta.o(.text)
    memset                                   0x08000213   Thumb Code    18  memseta.o(.text)
    __aeabi_fadd                             0x08000225   Thumb Code   164  fadd.o(.text)
    __aeabi_fsub                             0x080002c9   Thumb Code     6  fadd.o(.text)
    __aeabi_frsub                            0x080002cf   Thumb Code     6  fadd.o(.text)
    __aeabi_fmul                             0x080002d5   Thumb Code   100  fmul.o(.text)
    __aeabi_fdiv                             0x08000339   Thumb Code   124  fdiv.o(.text)
    __aeabi_ddiv                             0x080003b5   Thumb Code   222  ddiv.o(.text)
    __ARM_scalbn                             0x08000493   Thumb Code    46  dscalb.o(.text)
    scalbn                                   0x08000493   Thumb Code     0  dscalb.o(.text)
    __aeabi_ui2f                             0x080004c1   Thumb Code    10  ffltui.o(.text)
    __aeabi_i2d                              0x080004cb   Thumb Code    34  dflti.o(.text)
    __aeabi_ui2d                             0x080004ed   Thumb Code    26  dfltui.o(.text)
    __aeabi_f2d                              0x08000507   Thumb Code    38  f2d.o(.text)
    __aeabi_d2f                              0x0800052d   Thumb Code    56  d2f.o(.text)
    __aeabi_uidiv                            0x08000565   Thumb Code     0  uidiv.o(.text)
    __aeabi_uidivmod                         0x08000565   Thumb Code    44  uidiv.o(.text)
    __aeabi_uldivmod                         0x08000591   Thumb Code    98  uldiv.o(.text)
    __I$use$fp                               0x080005f3   Thumb Code     0  iusefp.o(.text)
    _float_round                             0x080005f3   Thumb Code    18  fepilogue.o(.text)
    _float_epilogue                          0x08000605   Thumb Code    92  fepilogue.o(.text)
    _double_round                            0x08000661   Thumb Code    30  depilogue.o(.text)
    _double_epilogue                         0x0800067f   Thumb Code   156  depilogue.o(.text)
    __aeabi_dadd                             0x0800071b   Thumb Code   322  dadd.o(.text)
    __aeabi_dsub                             0x0800085d   Thumb Code     6  dadd.o(.text)
    __aeabi_drsub                            0x08000863   Thumb Code     6  dadd.o(.text)
    __aeabi_dmul                             0x08000869   Thumb Code   228  dmul.o(.text)
    __aeabi_d2ulz                            0x0800094d   Thumb Code    48  dfixul.o(.text)
    __aeabi_cdrcmple                         0x0800097d   Thumb Code    48  cdrcmple.o(.text)
    __scatterload                            0x080009ad   Thumb Code    28  init.o(.text)
    __scatterload_rt2                        0x080009ad   Thumb Code     0  init.o(.text)
    __aeabi_llsl                             0x080009d1   Thumb Code    30  llshl.o(.text)
    _ll_shift_l                              0x080009d1   Thumb Code     0  llshl.o(.text)
    __aeabi_lasr                             0x080009ef   Thumb Code    36  llsshr.o(.text)
    _ll_sshift_r                             0x080009ef   Thumb Code     0  llsshr.o(.text)
    BusFault_Handler                         0x08000a13   Thumb Code     2  stm32f1xx_it.o(i.BusFault_Handler)
    DHT11_Read                               0x08000a15   Thumb Code   148  main.o(i.DHT11_Read)
    DHT11_Start                              0x08000ab1   Thumb Code   158  main.o(i.DHT11_Start)
    DebugMon_Handler                         0x08000b59   Thumb Code     2  stm32f1xx_it.o(i.DebugMon_Handler)
    HAL_DMA_Abort                            0x08000b5b   Thumb Code    70  stm32f1xx_hal_dma.o(i.HAL_DMA_Abort)
    HAL_DMA_Abort_IT                         0x08000ba1   Thumb Code   148  stm32f1xx_hal_dma.o(i.HAL_DMA_Abort_IT)
    HAL_Delay                                0x08000c39   Thumb Code    32  stm32f1xx_hal.o(i.HAL_Delay)
    HAL_GPIO_Init                            0x08000c5d   Thumb Code   446  stm32f1xx_hal_gpio.o(i.HAL_GPIO_Init)
    HAL_GPIO_ReadPin                         0x08000e3d   Thumb Code    10  stm32f1xx_hal_gpio.o(i.HAL_GPIO_ReadPin)
    HAL_GPIO_WritePin                        0x08000e47   Thumb Code    10  stm32f1xx_hal_gpio.o(i.HAL_GPIO_WritePin)
    HAL_GetTick                              0x08000e51   Thumb Code     6  stm32f1xx_hal.o(i.HAL_GetTick)
    HAL_I2C_Init                             0x08000e5d   Thumb Code   376  stm32f1xx_hal_i2c.o(i.HAL_I2C_Init)
    HAL_I2C_Master_Transmit                  0x08000fe5   Thumb Code   290  stm32f1xx_hal_i2c.o(i.HAL_I2C_Master_Transmit)
    HAL_I2C_Mem_Read                         0x08001111   Thumb Code   574  stm32f1xx_hal_i2c.o(i.HAL_I2C_Mem_Read)
    HAL_I2C_Mem_Write                        0x08001361   Thumb Code   294  stm32f1xx_hal_i2c.o(i.HAL_I2C_Mem_Write)
    HAL_I2C_MspInit                          0x08001491   Thumb Code    80  stm32f1xx_hal_msp.o(i.HAL_I2C_MspInit)
    HAL_IncTick                              0x080014ed   Thumb Code    12  stm32f1xx_hal.o(i.HAL_IncTick)
    HAL_Init                                 0x080014fd   Thumb Code    32  stm32f1xx_hal.o(i.HAL_Init)
    HAL_InitTick                             0x08001521   Thumb Code   100  stm32f1xx_hal_timebase_tim.o(i.HAL_InitTick)
    HAL_MspInit                              0x08001595   Thumb Code    62  stm32f1xx_hal_msp.o(i.HAL_MspInit)
    HAL_NVIC_EnableIRQ                       0x080015dd   Thumb Code    26  stm32f1xx_hal_cortex.o(i.HAL_NVIC_EnableIRQ)
    HAL_NVIC_SetPriority                     0x080015f9   Thumb Code    60  stm32f1xx_hal_cortex.o(i.HAL_NVIC_SetPriority)
    HAL_NVIC_SetPriorityGrouping             0x08001639   Thumb Code    26  stm32f1xx_hal_cortex.o(i.HAL_NVIC_SetPriorityGrouping)
    HAL_RCC_ClockConfig                      0x0800165d   Thumb Code   280  stm32f1xx_hal_rcc.o(i.HAL_RCC_ClockConfig)
    HAL_RCC_GetClockConfig                   0x08001789   Thumb Code    54  stm32f1xx_hal_rcc.o(i.HAL_RCC_GetClockConfig)
    HAL_RCC_GetPCLK1Freq                     0x080017c9   Thumb Code    20  stm32f1xx_hal_rcc.o(i.HAL_RCC_GetPCLK1Freq)
    HAL_RCC_GetPCLK2Freq                     0x080017e9   Thumb Code    20  stm32f1xx_hal_rcc.o(i.HAL_RCC_GetPCLK2Freq)
    HAL_RCC_GetSysClockFreq                  0x08001809   Thumb Code    74  stm32f1xx_hal_rcc.o(i.HAL_RCC_GetSysClockFreq)
    HAL_RCC_OscConfig                        0x08001875   Thumb Code   778  stm32f1xx_hal_rcc.o(i.HAL_RCC_OscConfig)
    HAL_TIMEx_BreakCallback                  0x08001b95   Thumb Code     2  stm32f1xx_hal_tim_ex.o(i.HAL_TIMEx_BreakCallback)
    HAL_TIMEx_CommutCallback                 0x08001b97   Thumb Code     2  stm32f1xx_hal_tim_ex.o(i.HAL_TIMEx_CommutCallback)
    HAL_TIMEx_MasterConfigSynchronization    0x08001b99   Thumb Code    92  stm32f1xx_hal_tim_ex.o(i.HAL_TIMEx_MasterConfigSynchronization)
    HAL_TIM_Base_Init                        0x08001c01   Thumb Code    90  stm32f1xx_hal_tim.o(i.HAL_TIM_Base_Init)
    HAL_TIM_Base_MspInit                     0x08001c5d   Thumb Code    30  stm32f1xx_hal_msp.o(i.HAL_TIM_Base_MspInit)
    HAL_TIM_Base_Start                       0x08001c85   Thumb Code    66  stm32f1xx_hal_tim.o(i.HAL_TIM_Base_Start)
    HAL_TIM_Base_Start_IT                    0x08001cd5   Thumb Code    76  stm32f1xx_hal_tim.o(i.HAL_TIM_Base_Start_IT)
    HAL_TIM_ConfigClockSource                0x08001d2d   Thumb Code   214  stm32f1xx_hal_tim.o(i.HAL_TIM_ConfigClockSource)
    HAL_TIM_IC_CaptureCallback               0x08001e03   Thumb Code     2  stm32f1xx_hal_tim.o(i.HAL_TIM_IC_CaptureCallback)
    HAL_TIM_IRQHandler                       0x08001e05   Thumb Code   358  stm32f1xx_hal_tim.o(i.HAL_TIM_IRQHandler)
    HAL_TIM_OC_DelayElapsedCallback          0x08001f6b   Thumb Code     2  stm32f1xx_hal_tim.o(i.HAL_TIM_OC_DelayElapsedCallback)
    HAL_TIM_PWM_PulseFinishedCallback        0x08001f6d   Thumb Code     2  stm32f1xx_hal_tim.o(i.HAL_TIM_PWM_PulseFinishedCallback)
    HAL_TIM_PeriodElapsedCallback            0x08001f71   Thumb Code    14  main.o(i.HAL_TIM_PeriodElapsedCallback)
    HAL_TIM_TriggerCallback                  0x08001f85   Thumb Code     2  stm32f1xx_hal_tim.o(i.HAL_TIM_TriggerCallback)
    HAL_UARTEx_RxEventCallback               0x08001f87   Thumb Code     2  stm32f1xx_hal_uart.o(i.HAL_UARTEx_RxEventCallback)
    HAL_UART_ErrorCallback                   0x08001f89   Thumb Code     2  stm32f1xx_hal_uart.o(i.HAL_UART_ErrorCallback)
    HAL_UART_IRQHandler                      0x08001f8d   Thumb Code   520  stm32f1xx_hal_uart.o(i.HAL_UART_IRQHandler)
    HAL_UART_Init                            0x08002199   Thumb Code    98  stm32f1xx_hal_uart.o(i.HAL_UART_Init)
    HAL_UART_MspInit                         0x080021fd   Thumb Code   114  stm32f1xx_hal_msp.o(i.HAL_UART_MspInit)
    HAL_UART_Receive_IT                      0x0800227d   Thumb Code    42  stm32f1xx_hal_uart.o(i.HAL_UART_Receive_IT)
    HAL_UART_RxCpltCallback                  0x080022a9   Thumb Code    48  main.o(i.HAL_UART_RxCpltCallback)
    HAL_UART_Transmit                        0x080022e5   Thumb Code   178  stm32f1xx_hal_uart.o(i.HAL_UART_Transmit)
    HAL_UART_TxCpltCallback                  0x08002397   Thumb Code     2  stm32f1xx_hal_uart.o(i.HAL_UART_TxCpltCallback)
    HardFault_Handler                        0x08002399   Thumb Code     2  stm32f1xx_it.o(i.HardFault_Handler)
    MPU6050_Init                             0x08002805   Thumb Code   132  main.o(i.MPU6050_Init)
    MPU6050_Read_Accel                       0x0800288d   Thumb Code   116  main.o(i.MPU6050_Read_Accel)
    MemManage_Handler                        0x08002a1d   Thumb Code     2  stm32f1xx_it.o(i.MemManage_Handler)
    NMI_Handler                              0x08002a1f   Thumb Code     2  stm32f1xx_it.o(i.NMI_Handler)
    StartReadAccelTask                       0x08002a21   Thumb Code    60  main.o(i.StartReadAccelTask)
    StartReadTempTask                        0x08002a61   Thumb Code    64  main.o(i.StartReadTempTask)
    StartSendCOMTask                         0x08002aa5   Thumb Code    94  main.o(i.StartSendCOMTask)
    StartSendDataTask                        0x08002b4d   Thumb Code    88  main.o(i.StartSendDataTask)
    SysTick_Handler                          0x08002ba9   Thumb Code    38  port.o(i.SysTick_Handler)
    SystemClock_Config                       0x08002bd5   Thumb Code    94  main.o(i.SystemClock_Config)
    SystemInit                               0x08002c33   Thumb Code     2  system_stm32f1xx.o(i.SystemInit)
    TIM4_IRQHandler                          0x08002c35   Thumb Code     6  stm32f1xx_it.o(i.TIM4_IRQHandler)
    TIM_Base_SetConfig                       0x08002c41   Thumb Code    94  stm32f1xx_hal_tim.o(i.TIM_Base_SetConfig)
    TIM_ETR_SetConfig                        0x08002cad   Thumb Code    20  stm32f1xx_hal_tim.o(i.TIM_ETR_SetConfig)
    UART_Start_Receive_IT                    0x08002ec5   Thumb Code    54  stm32f1xx_hal_uart.o(i.UART_Start_Receive_IT)
    USART2_IRQHandler                        0x08002f61   Thumb Code     6  stm32f1xx_it.o(i.USART2_IRQHandler)
    UsageFault_Handler                       0x08002f6d   Thumb Code     2  stm32f1xx_it.o(i.UsageFault_Handler)
    __0printf                                0x08002f71   Thumb Code    22  printfa.o(i.__0printf)
    __1printf                                0x08002f71   Thumb Code     0  printfa.o(i.__0printf)
    __2printf                                0x08002f71   Thumb Code     0  printfa.o(i.__0printf)
    __c89printf                              0x08002f71   Thumb Code     0  printfa.o(i.__0printf)
    printf                                   0x08002f71   Thumb Code     0  printfa.o(i.__0printf)
    __0sprintf                               0x08002f91   Thumb Code    34  printfa.o(i.__0sprintf)
    __1sprintf                               0x08002f91   Thumb Code     0  printfa.o(i.__0sprintf)
    __2sprintf                               0x08002f91   Thumb Code     0  printfa.o(i.__0sprintf)
    __c89sprintf                             0x08002f91   Thumb Code     0  printfa.o(i.__0sprintf)
    sprintf                                  0x08002f91   Thumb Code     0  printfa.o(i.__0sprintf)
    __scatterload_copy                       0x08002fd9   Thumb Code    14  handlers.o(i.__scatterload_copy)
    __scatterload_null                       0x08002fe7   Thumb Code     2  handlers.o(i.__scatterload_null)
    __scatterload_zeroinit                   0x08002fe9   Thumb Code    14  handlers.o(i.__scatterload_zeroinit)
    fputc                                    0x08003895   Thumb Code    18  main.o(i.fputc)
    getDataDHT                               0x080038ad   Thumb Code   162  main.o(i.getDataDHT)
    lcd_clear                                0x0800396d   Thumb Code    32  main.o(i.lcd_clear)
    lcd_init                                 0x0800398d   Thumb Code   120  main.o(i.lcd_init)
    lcd_put_cur                              0x08003a05   Thumb Code    24  main.o(i.lcd_put_cur)
    lcd_send_cmd                             0x08003a1d   Thumb Code    58  main.o(i.lcd_send_cmd)
    lcd_send_data                            0x08003a5d   Thumb Code    58  main.o(i.lcd_send_data)
    lcd_send_string                          0x08003a9d   Thumb Code    20  main.o(i.lcd_send_string)
    main                                     0x08003ab1   Thumb Code   270  main.o(i.main)
    microDelay                               0x08003bf5   Thumb Code    18  main.o(i.microDelay)
    osDelay                                  0x08003c0d   Thumb Code    14  cmsis_os.o(i.osDelay)
    osKernelStart                            0x08003c1b   Thumb Code    10  cmsis_os.o(i.osKernelStart)
    osMailAlloc                              0x08003c25   Thumb Code    12  cmsis_os.o(i.osMailAlloc)
    osMailCreate                             0x08003c31   Thumb Code    92  cmsis_os.o(i.osMailCreate)
    osMailFree                               0x08003c8d   Thumb Code    12  cmsis_os.o(i.osMailFree)
    osMailGet                                0x08003c99   Thumb Code   140  cmsis_os.o(i.osMailGet)
    osMailPut                                0x08003d29   Thumb Code    88  cmsis_os.o(i.osMailPut)
    osMessageCreate                          0x08003d85   Thumb Code    38  cmsis_os.o(i.osMessageCreate)
    osPoolAlloc                              0x08003dab   Thumb Code   106  cmsis_os.o(i.osPoolAlloc)
    osPoolCreate                             0x08003e15   Thumb Code    94  cmsis_os.o(i.osPoolCreate)
    osPoolFree                               0x08003e73   Thumb Code    48  cmsis_os.o(i.osPoolFree)
    osThreadCreate                           0x08003ea3   Thumb Code    84  cmsis_os.o(i.osThreadCreate)
    pvPortMalloc                             0x080043a1   Thumb Code   210  heap_4.o(i.pvPortMalloc)
    pxPortInitialiseStack                    0x08004479   Thumb Code    32  port.o(i.pxPortInitialiseStack)
    sendToLCD                                0x0800449d   Thumb Code   164  main.o(i.sendToLCD)
    uxListRemove                             0x0800455d   Thumb Code    38  list.o(i.uxListRemove)
    vApplicationGetIdleTaskMemory            0x08004585   Thumb Code    16  freertos.o(i.vApplicationGetIdleTaskMemory)
    vListInitialise                          0x08004599   Thumb Code    22  list.o(i.vListInitialise)
    vListInitialiseItem                      0x080045af   Thumb Code     6  list.o(i.vListInitialiseItem)
    vListInsert                              0x080045b5   Thumb Code    48  list.o(i.vListInsert)
    vListInsertEnd                           0x080045e5   Thumb Code    24  list.o(i.vListInsertEnd)
    vPortEnterCritical                       0x080045fd   Thumb Code    54  port.o(i.vPortEnterCritical)
    vPortExitCritical                        0x0800463d   Thumb Code    34  port.o(i.vPortExitCritical)
    vPortFree                                0x08004665   Thumb Code    88  heap_4.o(i.vPortFree)
    vPortSetupTimerInterrupt                 0x080046c1   Thumb Code    32  port.o(i.vPortSetupTimerInterrupt)
    vPortValidateInterruptPriority           0x080046e5   Thumb Code    74  port.o(i.vPortValidateInterruptPriority)
    vTaskDelay                               0x08004739   Thumb Code    66  tasks.o(i.vTaskDelay)
    vTaskInternalSetTimeOutState             0x08004785   Thumb Code    12  tasks.o(i.vTaskInternalSetTimeOutState)
    vTaskMissedYield                         0x08004795   Thumb Code     8  tasks.o(i.vTaskMissedYield)
    vTaskPlaceOnEventList                    0x080047a1   Thumb Code    44  tasks.o(i.vTaskPlaceOnEventList)
    vTaskStartScheduler                      0x080047d1   Thumb Code    90  tasks.o(i.vTaskStartScheduler)
    vTaskSuspend                             0x0800483d   Thumb Code   174  tasks.o(i.vTaskSuspend)
    vTaskSuspendAll                          0x080048f9   Thumb Code    10  tasks.o(i.vTaskSuspendAll)
    vTaskSwitchContext                       0x08004909   Thumb Code    82  tasks.o(i.vTaskSwitchContext)
    xPortStartScheduler                      0x08004965   Thumb Code   154  port.o(i.xPortStartScheduler)
    xQueueGenericCreate                      0x08004a0d   Thumb Code    72  queue.o(i.xQueueGenericCreate)
    xQueueGenericCreateStatic                0x08004a55   Thumb Code   102  queue.o(i.xQueueGenericCreateStatic)
    xQueueGenericReset                       0x08004abd   Thumb Code   132  queue.o(i.xQueueGenericReset)
    xQueueGenericSend                        0x08004b45   Thumb Code   346  queue.o(i.xQueueGenericSend)
    xQueueGenericSendFromISR                 0x08004ca5   Thumb Code   188  queue.o(i.xQueueGenericSendFromISR)
    xQueueReceive                            0x08004d61   Thumb Code   308  queue.o(i.xQueueReceive)
    xQueueReceiveFromISR                     0x08004e99   Thumb Code   154  queue.o(i.xQueueReceiveFromISR)
    xTaskCheckForTimeOut                     0x08004f35   Thumb Code   112  tasks.o(i.xTaskCheckForTimeOut)
    xTaskCreate                              0x08004fa9   Thumb Code    90  tasks.o(i.xTaskCreate)
    xTaskCreateStatic                        0x08005003   Thumb Code    86  tasks.o(i.xTaskCreateStatic)
    xTaskGetSchedulerState                   0x08005059   Thumb Code    22  tasks.o(i.xTaskGetSchedulerState)
    xTaskIncrementTick                       0x08005075   Thumb Code   192  tasks.o(i.xTaskIncrementTick)
    xTaskPriorityDisinherit                  0x0800513d   Thumb Code   144  tasks.o(i.xTaskPriorityDisinherit)
    xTaskRemoveFromEventList                 0x080051d5   Thumb Code   108  tasks.o(i.xTaskRemoveFromEventList)
    xTaskResumeAll                           0x08005249   Thumb Code   182  tasks.o(i.xTaskResumeAll)
    xTaskResumeFromISR                       0x0800530d   Thumb Code   128  tasks.o(i.xTaskResumeFromISR)
    AHBPrescTable                            0x08005420   Data          16  system_stm32f1xx.o(.constdata)
    APBPrescTable                            0x08005430   Data           8  system_stm32f1xx.o(.constdata)
    Region$$Table$$Base                      0x08005474   Number         0  anon$$obj.o(Region$$Table)
    Region$$Table$$Limit                     0x08005494   Number         0  anon$$obj.o(Region$$Table)
    rx_data                                  0x20000000   Data           1  main.o(.data)
    RHI                                      0x20000001   Data           1  main.o(.data)
    RHD                                      0x20000002   Data           1  main.o(.data)
    TCI                                      0x20000003   Data           1  main.o(.data)
    TCD                                      0x20000004   Data           1  main.o(.data)
    SUM                                      0x20000005   Data           1  main.o(.data)
    count                                    0x20000006   Data           2  main.o(.data)
    Accel_X_Raw                              0x20000008   Data           2  main.o(.data)
    Accel_Y_Raw                              0x2000000a   Data           2  main.o(.data)
    Accel_Z_Raw                              0x2000000c   Data           2  main.o(.data)
    Gyro_X_Raw                               0x2000000e   Data           2  main.o(.data)
    Gyro_Y_Raw                               0x20000010   Data           2  main.o(.data)
    Gyro_Z_Raw                               0x20000012   Data           2  main.o(.data)
    tCelsius                                 0x20000014   Data           4  main.o(.data)
    tFahrenheit                              0x20000018   Data           4  main.o(.data)
    RH                                       0x2000001c   Data           4  main.o(.data)
    myQueue01Handle                          0x20000020   Data           4  main.o(.data)
    Ax                                       0x20000024   Data           4  main.o(.data)
    Ay                                       0x20000028   Data           4  main.o(.data)
    Az                                       0x2000002c   Data           4  main.o(.data)
    Gx                                       0x20000030   Data           4  main.o(.data)
    Gy                                       0x20000034   Data           4  main.o(.data)
    Gz                                       0x20000038   Data           4  main.o(.data)
    pMillis                                  0x2000003c   Data           4  main.o(.data)
    cMillis                                  0x20000040   Data           4  main.o(.data)
    readTempHandle                           0x20000044   Data           4  main.o(.data)
    readAccelHandle                          0x20000048   Data           4  main.o(.data)
    sendDataHandle                           0x2000004c   Data           4  main.o(.data)
    sendCOMHandle                            0x20000050   Data           4  main.o(.data)
    DataMailQueueHandle                      0x20000054   Data           4  main.o(.data)
    buff                                     0x20000058   Data           8  main.o(.data)
    uwTickFreq                               0x20000060   Data           1  stm32f1xx_hal.o(.data)
    uwTickPrio                               0x20000064   Data           4  stm32f1xx_hal.o(.data)
    uwTick                                   0x20000068   Data           4  stm32f1xx_hal.o(.data)
    SystemCoreClock                          0x2000006c   Data           4  system_stm32f1xx.o(.data)
    pxCurrentTCB                             0x20000070   Data           4  tasks.o(.data)
    __stdout                                 0x200000d0   Data           4  stdout.o(.data)
    hi2c1                                    0x200000d4   Data          84  main.o(.bss)
    htim1                                    0x20000128   Data          72  main.o(.bss)
    huart2                                   0x20000170   Data          68  main.o(.bss)
    htim4                                    0x20000408   Data          72  stm32f1xx_hal_timebase_tim.o(.bss)
    __initial_sp                             0x20001540   Data           0  startup_stm32f103xb.o(STACK)



==============================================================================

Memory Map of the image

  Image Entry point : 0x080000ed

  Load Region LR_IROM1 (Base: 0x08000000, Size: 0x00005568, Max: 0x00010000, ABSOLUTE)

    Execution Region ER_IROM1 (Base: 0x08000000, Size: 0x00005494, Max: 0x00010000, ABSOLUTE)

    Base Addr    Size         Type   Attr      Idx    E Section Name        Object

    0x08000000   0x000000ec   Data   RO            3    RESET               startup_stm32f103xb.o
    0x080000ec   0x00000000   Code   RO         4615  * .ARM.Collect$$$$00000000  mc_w.l(entry.o)
    0x080000ec   0x00000004   Code   RO         4909    .ARM.Collect$$$$00000001  mc_w.l(entry2.o)
    0x080000f0   0x00000004   Code   RO         4912    .ARM.Collect$$$$00000004  mc_w.l(entry5.o)
    0x080000f4   0x00000000   Code   RO         4914    .ARM.Collect$$$$00000008  mc_w.l(entry7b.o)
    0x080000f4   0x00000000   Code   RO         4916    .ARM.Collect$$$$0000000A  mc_w.l(entry8b.o)
    0x080000f4   0x00000008   Code   RO         4917    .ARM.Collect$$$$0000000B  mc_w.l(entry9a.o)
    0x080000fc   0x00000000   Code   RO         4919    .ARM.Collect$$$$0000000D  mc_w.l(entry10a.o)
    0x080000fc   0x00000000   Code   RO         4921    .ARM.Collect$$$$0000000F  mc_w.l(entry11a.o)
    0x080000fc   0x00000004   Code   RO         4910    .ARM.Collect$$$$00002712  mc_w.l(entry2.o)
    0x08000100   0x00000096   Code   RO         4538    .emb_text           port.o
    0x08000196   0x00000002   PAD
    0x08000198   0x00000024   Code   RO            4    .text               startup_stm32f103xb.o
    0x080001bc   0x00000020   Code   RO         4618    .text               mc_w.l(llushr.o)
    0x080001dc   0x00000024   Code   RO         4620    .text               mc_w.l(memcpya.o)
    0x08000200   0x00000024   Code   RO         4624    .text               mc_w.l(memseta.o)
    0x08000224   0x000000b0   Code   RO         4889    .text               mf_w.l(fadd.o)
    0x080002d4   0x00000064   Code   RO         4891    .text               mf_w.l(fmul.o)
    0x08000338   0x0000007c   Code   RO         4893    .text               mf_w.l(fdiv.o)
    0x080003b4   0x000000de   Code   RO         4895    .text               mf_w.l(ddiv.o)
    0x08000492   0x0000002e   Code   RO         4897    .text               mf_w.l(dscalb.o)
    0x080004c0   0x0000000a   Code   RO         4899    .text               mf_w.l(ffltui.o)
    0x080004ca   0x00000022   Code   RO         4901    .text               mf_w.l(dflti.o)
    0x080004ec   0x0000001a   Code   RO         4903    .text               mf_w.l(dfltui.o)
    0x08000506   0x00000026   Code   RO         4905    .text               mf_w.l(f2d.o)
    0x0800052c   0x00000038   Code   RO         4907    .text               mf_w.l(d2f.o)
    0x08000564   0x0000002c   Code   RO         4924    .text               mc_w.l(uidiv.o)
    0x08000590   0x00000062   Code   RO         4926    .text               mc_w.l(uldiv.o)
    0x080005f2   0x00000000   Code   RO         4928    .text               mc_w.l(iusefp.o)
    0x080005f2   0x0000006e   Code   RO         4929    .text               mf_w.l(fepilogue.o)
    0x08000660   0x000000ba   Code   RO         4931    .text               mf_w.l(depilogue.o)
    0x0800071a   0x0000014e   Code   RO         4933    .text               mf_w.l(dadd.o)
    0x08000868   0x000000e4   Code   RO         4935    .text               mf_w.l(dmul.o)
    0x0800094c   0x00000030   Code   RO         4937    .text               mf_w.l(dfixul.o)
    0x0800097c   0x00000030   Code   RO         4939    .text               mf_w.l(cdrcmple.o)
    0x080009ac   0x00000024   Code   RO         4941    .text               mc_w.l(init.o)
    0x080009d0   0x0000001e   Code   RO         4943    .text               mc_w.l(llshl.o)
    0x080009ee   0x00000024   Code   RO         4945    .text               mc_w.l(llsshr.o)
    0x08000a12   0x00000002   Code   RO          371    i.BusFault_Handler  stm32f1xx_it.o
    0x08000a14   0x0000009c   Code   RO           13    i.DHT11_Read        main.o
    0x08000ab0   0x000000a8   Code   RO           14    i.DHT11_Start       main.o
    0x08000b58   0x00000002   Code   RO          372    i.DebugMon_Handler  stm32f1xx_it.o
    0x08000b5a   0x00000046   Code   RO          955    i.HAL_DMA_Abort     stm32f1xx_hal_dma.o
    0x08000ba0   0x00000098   Code   RO          956    i.HAL_DMA_Abort_IT  stm32f1xx_hal_dma.o
    0x08000c38   0x00000024   Code   RO          583    i.HAL_Delay         stm32f1xx_hal.o
    0x08000c5c   0x000001e0   Code   RO          891    i.HAL_GPIO_Init     stm32f1xx_hal_gpio.o
    0x08000e3c   0x0000000a   Code   RO          893    i.HAL_GPIO_ReadPin  stm32f1xx_hal_gpio.o
    0x08000e46   0x0000000a   Code   RO          895    i.HAL_GPIO_WritePin  stm32f1xx_hal_gpio.o
    0x08000e50   0x0000000c   Code   RO          587    i.HAL_GetTick       stm32f1xx_hal.o
    0x08000e5c   0x00000188   Code   RO         1562    i.HAL_I2C_Init      stm32f1xx_hal_i2c.o
    0x08000fe4   0x0000012c   Code   RO         1575    i.HAL_I2C_Master_Transmit  stm32f1xx_hal_i2c.o
    0x08001110   0x00000250   Code   RO         1580    i.HAL_I2C_Mem_Read  stm32f1xx_hal_i2c.o
    0x08001360   0x00000130   Code   RO         1583    i.HAL_I2C_Mem_Write  stm32f1xx_hal_i2c.o
    0x08001490   0x0000005c   Code   RO          442    i.HAL_I2C_MspInit   stm32f1xx_hal_msp.o
    0x080014ec   0x00000010   Code   RO          593    i.HAL_IncTick       stm32f1xx_hal.o
    0x080014fc   0x00000024   Code   RO          594    i.HAL_Init          stm32f1xx_hal.o
    0x08001520   0x00000074   Code   RO          501    i.HAL_InitTick      stm32f1xx_hal_timebase_tim.o
    0x08001594   0x00000048   Code   RO          443    i.HAL_MspInit       stm32f1xx_hal_msp.o
    0x080015dc   0x0000001a   Code   RO         1051    i.HAL_NVIC_EnableIRQ  stm32f1xx_hal_cortex.o
    0x080015f6   0x00000002   PAD
    0x080015f8   0x00000040   Code   RO         1057    i.HAL_NVIC_SetPriority  stm32f1xx_hal_cortex.o
    0x08001638   0x00000024   Code   RO         1058    i.HAL_NVIC_SetPriorityGrouping  stm32f1xx_hal_cortex.o
    0x0800165c   0x0000012c   Code   RO          751    i.HAL_RCC_ClockConfig  stm32f1xx_hal_rcc.o
    0x08001788   0x00000040   Code   RO          755    i.HAL_RCC_GetClockConfig  stm32f1xx_hal_rcc.o
    0x080017c8   0x00000020   Code   RO          758    i.HAL_RCC_GetPCLK1Freq  stm32f1xx_hal_rcc.o
    0x080017e8   0x00000020   Code   RO          759    i.HAL_RCC_GetPCLK2Freq  stm32f1xx_hal_rcc.o
    0x08001808   0x0000006c   Code   RO          760    i.HAL_RCC_GetSysClockFreq  stm32f1xx_hal_rcc.o
    0x08001874   0x00000320   Code   RO          763    i.HAL_RCC_OscConfig  stm32f1xx_hal_rcc.o
    0x08001b94   0x00000002   Code   RO         2689    i.HAL_TIMEx_BreakCallback  stm32f1xx_hal_tim_ex.o
    0x08001b96   0x00000002   Code   RO         2690    i.HAL_TIMEx_CommutCallback  stm32f1xx_hal_tim_ex.o
    0x08001b98   0x00000068   Code   RO         2708    i.HAL_TIMEx_MasterConfigSynchronization  stm32f1xx_hal_tim_ex.o
    0x08001c00   0x0000005a   Code   RO         1985    i.HAL_TIM_Base_Init  stm32f1xx_hal_tim.o
    0x08001c5a   0x00000002   PAD
    0x08001c5c   0x00000028   Code   RO          445    i.HAL_TIM_Base_MspInit  stm32f1xx_hal_msp.o
    0x08001c84   0x00000050   Code   RO         1988    i.HAL_TIM_Base_Start  stm32f1xx_hal_tim.o
    0x08001cd4   0x00000058   Code   RO         1990    i.HAL_TIM_Base_Start_IT  stm32f1xx_hal_tim.o
    0x08001d2c   0x000000d6   Code   RO         1994    i.HAL_TIM_ConfigClockSource  stm32f1xx_hal_tim.o
    0x08001e02   0x00000002   Code   RO         2019    i.HAL_TIM_IC_CaptureCallback  stm32f1xx_hal_tim.o
    0x08001e04   0x00000166   Code   RO         2033    i.HAL_TIM_IRQHandler  stm32f1xx_hal_tim.o
    0x08001f6a   0x00000002   Code   RO         2036    i.HAL_TIM_OC_DelayElapsedCallback  stm32f1xx_hal_tim.o
    0x08001f6c   0x00000002   Code   RO         2063    i.HAL_TIM_PWM_PulseFinishedCallback  stm32f1xx_hal_tim.o
    0x08001f6e   0x00000002   PAD
    0x08001f70   0x00000014   Code   RO           16    i.HAL_TIM_PeriodElapsedCallback  main.o
    0x08001f84   0x00000002   Code   RO         2076    i.HAL_TIM_TriggerCallback  stm32f1xx_hal_tim.o
    0x08001f86   0x00000002   Code   RO         2967    i.HAL_UARTEx_RxEventCallback  stm32f1xx_hal_uart.o
    0x08001f88   0x00000002   Code   RO         2981    i.HAL_UART_ErrorCallback  stm32f1xx_hal_uart.o
    0x08001f8a   0x00000002   PAD
    0x08001f8c   0x0000020c   Code   RO         2984    i.HAL_UART_IRQHandler  stm32f1xx_hal_uart.o
    0x08002198   0x00000062   Code   RO         2985    i.HAL_UART_Init     stm32f1xx_hal_uart.o
    0x080021fa   0x00000002   PAD
    0x080021fc   0x00000080   Code   RO          447    i.HAL_UART_MspInit  stm32f1xx_hal_msp.o
    0x0800227c   0x0000002a   Code   RO         2990    i.HAL_UART_Receive_IT  stm32f1xx_hal_uart.o
    0x080022a6   0x00000002   PAD
    0x080022a8   0x0000003c   Code   RO           17    i.HAL_UART_RxCpltCallback  main.o
    0x080022e4   0x000000b2   Code   RO         2993    i.HAL_UART_Transmit  stm32f1xx_hal_uart.o
    0x08002396   0x00000002   Code   RO         2996    i.HAL_UART_TxCpltCallback  stm32f1xx_hal_uart.o
    0x08002398   0x00000002   Code   RO          373    i.HardFault_Handler  stm32f1xx_it.o
    0x0800239a   0x0000002e   Code   RO         1604    i.I2C_IsAcknowledgeFailed  stm32f1xx_hal_i2c.o
    0x080023c8   0x0000009c   Code   RO         1608    i.I2C_MasterRequestWrite  stm32f1xx_hal_i2c.o
    0x08002464   0x000000fc   Code   RO         1614    i.I2C_RequestMemoryRead  stm32f1xx_hal_i2c.o
    0x08002560   0x000000a8   Code   RO         1615    i.I2C_RequestMemoryWrite  stm32f1xx_hal_i2c.o
    0x08002608   0x0000004c   Code   RO         1619    i.I2C_WaitOnBTFFlagUntilTimeout  stm32f1xx_hal_i2c.o
    0x08002654   0x00000068   Code   RO         1620    i.I2C_WaitOnFlagUntilTimeout  stm32f1xx_hal_i2c.o
    0x080026bc   0x00000096   Code   RO         1621    i.I2C_WaitOnMasterAddressFlagUntilTimeout  stm32f1xx_hal_i2c.o
    0x08002752   0x00000066   Code   RO         1622    i.I2C_WaitOnRXNEFlagUntilTimeout  stm32f1xx_hal_i2c.o
    0x080027b8   0x0000004c   Code   RO         1623    i.I2C_WaitOnTXEFlagUntilTimeout  stm32f1xx_hal_i2c.o
    0x08002804   0x00000088   Code   RO           18    i.MPU6050_Init      main.o
    0x0800288c   0x0000007c   Code   RO           19    i.MPU6050_Read_Accel  main.o
    0x08002908   0x000000ac   Code   RO           21    i.MX_GPIO_Init      main.o
    0x080029b4   0x00000068   Code   RO           22    i.MX_TIM1_Init      main.o
    0x08002a1c   0x00000002   Code   RO          374    i.MemManage_Handler  stm32f1xx_it.o
    0x08002a1e   0x00000002   Code   RO          375    i.NMI_Handler       stm32f1xx_it.o
    0x08002a20   0x00000040   Code   RO           23    i.StartReadAccelTask  main.o
    0x08002a60   0x00000044   Code   RO           24    i.StartReadTempTask  main.o
    0x08002aa4   0x000000a8   Code   RO           25    i.StartSendCOMTask  main.o
    0x08002b4c   0x0000005c   Code   RO           26    i.StartSendDataTask  main.o
    0x08002ba8   0x0000002c   Code   RO         4539    i.SysTick_Handler   port.o
    0x08002bd4   0x0000005e   Code   RO           27    i.SystemClock_Config  main.o
    0x08002c32   0x00000002   Code   RO         3314    i.SystemInit        system_stm32f1xx.o
    0x08002c34   0x0000000c   Code   RO          376    i.TIM4_IRQHandler   stm32f1xx_it.o
    0x08002c40   0x0000006c   Code   RO         2078    i.TIM_Base_SetConfig  stm32f1xx_hal_tim.o
    0x08002cac   0x00000014   Code   RO         2089    i.TIM_ETR_SetConfig  stm32f1xx_hal_tim.o
    0x08002cc0   0x00000010   Code   RO         2090    i.TIM_ITRx_SetConfig  stm32f1xx_hal_tim.o
    0x08002cd0   0x00000022   Code   RO         2096    i.TIM_TI1_ConfigInputStage  stm32f1xx_hal_tim.o
    0x08002cf2   0x00000024   Code   RO         2098    i.TIM_TI2_ConfigInputStage  stm32f1xx_hal_tim.o
    0x08002d16   0x00000010   Code   RO         2998    i.UART_DMAAbortOnError  stm32f1xx_hal_uart.o
    0x08002d26   0x00000030   Code   RO         3008    i.UART_EndRxTransfer  stm32f1xx_hal_uart.o
    0x08002d56   0x000000b6   Code   RO         3010    i.UART_Receive_IT   stm32f1xx_hal_uart.o
    0x08002e0c   0x000000b8   Code   RO         3011    i.UART_SetConfig    stm32f1xx_hal_uart.o
    0x08002ec4   0x00000036   Code   RO         3013    i.UART_Start_Receive_IT  stm32f1xx_hal_uart.o
    0x08002efa   0x00000064   Code   RO         3014    i.UART_WaitOnFlagUntilTimeout  stm32f1xx_hal_uart.o
    0x08002f5e   0x00000002   PAD
    0x08002f60   0x0000000c   Code   RO          377    i.USART2_IRQHandler  stm32f1xx_it.o
    0x08002f6c   0x00000002   Code   RO          378    i.UsageFault_Handler  stm32f1xx_it.o
    0x08002f6e   0x00000002   PAD
    0x08002f70   0x00000020   Code   RO         4861    i.__0printf         mc_w.l(printfa.o)
    0x08002f90   0x00000028   Code   RO         4863    i.__0sprintf        mc_w.l(printfa.o)
    0x08002fb8   0x00000020   Code   RO         1064    i.__NVIC_SetPriority  stm32f1xx_hal_cortex.o
    0x08002fd8   0x0000000e   Code   RO         4949    i.__scatterload_copy  mc_w.l(handlers.o)
    0x08002fe6   0x00000002   Code   RO         4950    i.__scatterload_null  mc_w.l(handlers.o)
    0x08002fe8   0x0000000e   Code   RO         4951    i.__scatterload_zeroinit  mc_w.l(handlers.o)
    0x08002ff6   0x00000002   PAD
    0x08002ff8   0x00000164   Code   RO         4868    i._fp_digits        mc_w.l(printfa.o)
    0x0800315c   0x000006dc   Code   RO         4869    i._printf_core      mc_w.l(printfa.o)
    0x08003838   0x00000024   Code   RO         4870    i._printf_post_padding  mc_w.l(printfa.o)
    0x0800385c   0x0000002e   Code   RO         4871    i._printf_pre_padding  mc_w.l(printfa.o)
    0x0800388a   0x0000000a   Code   RO         4873    i._sputc            mc_w.l(printfa.o)
    0x08003894   0x00000018   Code   RO           28    i.fputc             main.o
    0x080038ac   0x000000b4   Code   RO           29    i.getDataDHT        main.o
    0x08003960   0x0000000c   Code   RO         4108    i.inHandlerMode     cmsis_os.o
    0x0800396c   0x00000020   Code   RO           30    i.lcd_clear         main.o
    0x0800398c   0x00000078   Code   RO           31    i.lcd_init          main.o
    0x08003a04   0x00000018   Code   RO           32    i.lcd_put_cur       main.o
    0x08003a1c   0x00000040   Code   RO           33    i.lcd_send_cmd      main.o
    0x08003a5c   0x00000040   Code   RO           34    i.lcd_send_data     main.o
    0x08003a9c   0x00000014   Code   RO           35    i.lcd_send_string   main.o
    0x08003ab0   0x00000138   Code   RO           36    i.main              main.o
    0x08003be8   0x0000000c   Code   RO         4110    i.makeFreeRtosPriority  cmsis_os.o
    0x08003bf4   0x00000018   Code   RO           37    i.microDelay        main.o
    0x08003c0c   0x0000000e   Code   RO         4112    i.osDelay           cmsis_os.o
    0x08003c1a   0x0000000a   Code   RO         4115    i.osKernelStart     cmsis_os.o
    0x08003c24   0x0000000c   Code   RO         4117    i.osMailAlloc       cmsis_os.o
    0x08003c30   0x0000005c   Code   RO         4119    i.osMailCreate      cmsis_os.o
    0x08003c8c   0x0000000c   Code   RO         4120    i.osMailFree        cmsis_os.o
    0x08003c98   0x00000090   Code   RO         4121    i.osMailGet         cmsis_os.o
    0x08003d28   0x0000005c   Code   RO         4122    i.osMailPut         cmsis_os.o
    0x08003d84   0x00000026   Code   RO         4124    i.osMessageCreate   cmsis_os.o
    0x08003daa   0x0000006a   Code   RO         4134    i.osPoolAlloc       cmsis_os.o
    0x08003e14   0x0000005e   Code   RO         4136    i.osPoolCreate      cmsis_os.o
    0x08003e72   0x00000030   Code   RO         4137    i.osPoolFree        cmsis_os.o
    0x08003ea2   0x00000054   Code   RO         4149    i.osThreadCreate    cmsis_os.o
    0x08003ef6   0x00000002   PAD
    0x08003ef8   0x00000070   Code   RO         3807    i.prvAddCurrentTaskToDelayedList  tasks.o
    0x08003f68   0x000000d0   Code   RO         3808    i.prvAddNewTaskToReadyList  tasks.o
    0x08004038   0x00000026   Code   RO         3492    i.prvCopyDataFromQueue  queue.o
    0x0800405e   0x0000006c   Code   RO         3493    i.prvCopyDataToQueue  queue.o
    0x080040ca   0x00000034   Code   RO         3809    i.prvDeleteTCB      tasks.o
    0x080040fe   0x00000002   PAD
    0x08004100   0x0000004c   Code   RO         4477    i.prvHeapInit       heap_4.o
    0x0800414c   0x00000060   Code   RO         3810    i.prvIdleTask       tasks.o
    0x080041ac   0x00000016   Code   RO         3495    i.prvInitialiseNewQueue  queue.o
    0x080041c2   0x0000008e   Code   RO         3811    i.prvInitialiseNewTask  tasks.o
    0x08004250   0x0000004c   Code   RO         4478    i.prvInsertBlockIntoFreeList  heap_4.o
    0x0800429c   0x0000001c   Code   RO         3496    i.prvIsQueueEmpty   queue.o
    0x080042b8   0x00000020   Code   RO         3812    i.prvResetNextTaskUnblockTime  tasks.o
    0x080042d8   0x00000028   Code   RO         4540    i.prvTaskExitError  port.o
    0x08004300   0x00000034   Code   RO         3813    i.prvTaskIsTaskSuspended  tasks.o
    0x08004334   0x0000006a   Code   RO         3497    i.prvUnlockQueue    queue.o
    0x0800439e   0x00000002   PAD
    0x080043a0   0x000000d8   Code   RO         4479    i.pvPortMalloc      heap_4.o
    0x08004478   0x00000024   Code   RO         4541    i.pxPortInitialiseStack  port.o
    0x0800449c   0x000000c0   Code   RO           39    i.sendToLCD         main.o
    0x0800455c   0x00000026   Code   RO         3452    i.uxListRemove      list.o
    0x08004582   0x00000002   PAD
    0x08004584   0x00000014   Code   RO          337    i.vApplicationGetIdleTaskMemory  freertos.o
    0x08004598   0x00000016   Code   RO         3453    i.vListInitialise   list.o
    0x080045ae   0x00000006   Code   RO         3454    i.vListInitialiseItem  list.o
    0x080045b4   0x00000030   Code   RO         3455    i.vListInsert       list.o
    0x080045e4   0x00000018   Code   RO         3456    i.vListInsertEnd    list.o
    0x080045fc   0x00000040   Code   RO         4543    i.vPortEnterCritical  port.o
    0x0800463c   0x00000028   Code   RO         4544    i.vPortExitCritical  port.o
    0x08004664   0x0000005c   Code   RO         4480    i.vPortFree         heap_4.o
    0x080046c0   0x00000024   Code   RO         4545    i.vPortSetupTimerInterrupt  port.o
    0x080046e4   0x00000054   Code   RO         4546    i.vPortValidateInterruptPriority  port.o
    0x08004738   0x0000004c   Code   RO         3820    i.vTaskDelay        tasks.o
    0x08004784   0x00000010   Code   RO         3823    i.vTaskInternalSetTimeOutState  tasks.o
    0x08004794   0x0000000c   Code   RO         3824    i.vTaskMissedYield  tasks.o
    0x080047a0   0x00000030   Code   RO         3826    i.vTaskPlaceOnEventList  tasks.o
    0x080047d0   0x0000006c   Code   RO         3833    i.vTaskStartScheduler  tasks.o
    0x0800483c   0x000000bc   Code   RO         3834    i.vTaskSuspend      tasks.o
    0x080048f8   0x00000010   Code   RO         3835    i.vTaskSuspendAll   tasks.o
    0x08004908   0x0000005c   Code   RO         3836    i.vTaskSwitchContext  tasks.o
    0x08004964   0x000000a8   Code   RO         4547    i.xPortStartScheduler  port.o
    0x08004a0c   0x00000048   Code   RO         3506    i.xQueueGenericCreate  queue.o
    0x08004a54   0x00000066   Code   RO         3507    i.xQueueGenericCreateStatic  queue.o
    0x08004aba   0x00000002   PAD
    0x08004abc   0x00000088   Code   RO         3508    i.xQueueGenericReset  queue.o
    0x08004b44   0x00000160   Code   RO         3509    i.xQueueGenericSend  queue.o
    0x08004ca4   0x000000bc   Code   RO         3510    i.xQueueGenericSendFromISR  queue.o
    0x08004d60   0x00000138   Code   RO         3516    i.xQueueReceive     queue.o
    0x08004e98   0x0000009a   Code   RO         3517    i.xQueueReceiveFromISR  queue.o
    0x08004f32   0x00000002   PAD
    0x08004f34   0x00000074   Code   RO         3837    i.xTaskCheckForTimeOut  tasks.o
    0x08004fa8   0x0000005a   Code   RO         3838    i.xTaskCreate       tasks.o
    0x08005002   0x00000056   Code   RO         3839    i.xTaskCreateStatic  tasks.o
    0x08005058   0x0000001c   Code   RO         3843    i.xTaskGetSchedulerState  tasks.o
    0x08005074   0x000000c8   Code   RO         3846    i.xTaskIncrementTick  tasks.o
    0x0800513c   0x00000098   Code   RO         3849    i.xTaskPriorityDisinherit  tasks.o
    0x080051d4   0x00000074   Code   RO         3851    i.xTaskRemoveFromEventList  tasks.o
    0x08005248   0x000000c4   Code   RO         3852    i.xTaskResumeAll    tasks.o
    0x0800530c   0x00000088   Code   RO         3853    i.xTaskResumeFromISR  tasks.o
    0x08005394   0x0000008c   Data   RO           41    .constdata          main.o
    0x08005420   0x00000010   Data   RO         3315    .constdata          system_stm32f1xx.o
    0x08005430   0x00000008   Data   RO         3316    .constdata          system_stm32f1xx.o
    0x08005438   0x00000039   Data   RO           42    .conststring        main.o
    0x08005471   0x00000003   PAD
    0x08005474   0x00000020   Data   RO         4947    Region$$Table       anon$$obj.o


    Execution Region RW_IRAM1 (Base: 0x20000000, Size: 0x00001540, Max: 0x00005000, ABSOLUTE)

    Base Addr    Size         Type   Attr      Idx    E Section Name        Object

    0x20000000   0x00000060   Data   RW           45    .data               main.o
    0x20000060   0x0000000c   Data   RW          601    .data               stm32f1xx_hal.o
    0x2000006c   0x00000004   Data   RW         3317    .data               system_stm32f1xx.o
    0x20000070   0x0000003c   Data   RW         3855    .data               tasks.o
    0x200000ac   0x00000018   Data   RW         4485    .data               heap_4.o
    0x200000c4   0x0000000c   Data   RW         4548    .data               port.o
    0x200000d0   0x00000004   Data   RW         4923    .data               mc_w.l(stdout.o)
    0x200000d4   0x000000e0   Zero   RW           40    .bss                main.o
    0x200001b4   0x00000254   Zero   RW          338    .bss                freertos.o
    0x20000408   0x00000048   Zero   RW          504    .bss                stm32f1xx_hal_timebase_tim.o
    0x20000450   0x000000f0   Zero   RW         3854    .bss                tasks.o
    0x20000540   0x00000c00   Zero   RW         4484    .bss                heap_4.o
    0x20001140   0x00000400   Zero   RW            1    STACK               startup_stm32f103xb.o


==============================================================================

Image component sizes


      Code (inc. data)   RO Data    RW Data    ZI Data      Debug   Object Name

       770          8          0          0          0      33177   cmsis_os.o
         0          0          0          0          0      18156   event_groups.o
        20          4          0          0        596       1212   freertos.o
       460         24          0         24       3072       7175   heap_4.o
       138          0          0          0          0       3342   list.o
      2482        268        197         96        224     481744   main.o
       662         70          0         12          0      11065   port.o
      1618         14          0          0          0      14965   queue.o
        36          8        236          0       1024        796   startup_stm32f103xb.o
       100         18          0         12          0       5186   stm32f1xx_hal.o
       158         14          0          0          0      28138   stm32f1xx_hal_cortex.o
       222          4          0          0          0       1747   stm32f1xx_hal_dma.o
       500         34          0          0          0       3487   stm32f1xx_hal_gpio.o
      2718         72          0          0          0      14628   stm32f1xx_hal_i2c.o
       332         46          0          0          0       2778   stm32f1xx_hal_msp.o
      1336        110          0          0          0       5761   stm32f1xx_hal_rcc.o
      1052         40          0          0          0      10190   stm32f1xx_hal_tim.o
       108         12          0          0          0       2337   stm32f1xx_hal_tim_ex.o
       116         16          0          0         72       1399   stm32f1xx_hal_timebase_tim.o
      1432         10          0          0          0      10420   stm32f1xx_hal_uart.o
        36         12          0          0          0       3387   stm32f1xx_it.o
         0          0          0          0          0        392   stream_buffer.o
         2          0         24          4          0       1095   system_stm32f1xx.o
      2370        174          0         60        240      24074   tasks.o

    ----------------------------------------------------------------------
     16698        958        492        208       5228     686651   Object Totals
         0          0         32          0          0          0   (incl. Generated)
        30          0          3          0          0          0   (incl. Padding)

    ----------------------------------------------------------------------

      Code (inc. data)   RO Data    RW Data    ZI Data      Debug   Library Member Name

         0          0          0          0          0          0   entry.o
         0          0          0          0          0          0   entry10a.o
         0          0          0          0          0          0   entry11a.o
         8          4          0          0          0          0   entry2.o
         4          0          0          0          0          0   entry5.o
         0          0          0          0          0          0   entry7b.o
         0          0          0          0          0          0   entry8b.o
         8          4          0          0          0          0   entry9a.o
        30          0          0          0          0          0   handlers.o
        36          8          0          0          0         68   init.o
         0          0          0          0          0          0   iusefp.o
        30          0          0          0          0         68   llshl.o
        36          0          0          0          0         68   llsshr.o
        32          0          0          0          0         68   llushr.o
        36          0          0          0          0         68   memcpya.o
        36          0          0          0          0        108   memseta.o
      2276         96          0          0          0        596   printfa.o
         0          0          0          4          0          0   stdout.o
        44          0          0          0          0         80   uidiv.o
        98          0          0          0          0         92   uldiv.o
        48          0          0          0          0         68   cdrcmple.o
        56          0          0          0          0         88   d2f.o
       334          0          0          0          0        148   dadd.o
       222          0          0          0          0        100   ddiv.o
       186          0          0          0          0        176   depilogue.o
        48          0          0          0          0         68   dfixul.o
        34          0          0          0          0         76   dflti.o
        26          0          0          0          0         76   dfltui.o
       228          0          0          0          0         96   dmul.o
        46          0          0          0          0         80   dscalb.o
        38          0          0          0          0         68   f2d.o
       176          0          0          0          0        140   fadd.o
       124          0          0          0          0         88   fdiv.o
       110          0          0          0          0        168   fepilogue.o
        10          0          0          0          0         68   ffltui.o
       100          0          0          0          0         76   fmul.o

    ----------------------------------------------------------------------
      4462        112          0          4          0       2800   Library Totals
         2          0          0          0          0          0   (incl. Padding)

    ----------------------------------------------------------------------

      Code (inc. data)   RO Data    RW Data    ZI Data      Debug   Library Name

      2674        112          0          4          0       1216   mc_w.l
      1786          0          0          0          0       1584   mf_w.l

    ----------------------------------------------------------------------
      4462        112          0          4          0       2800   Library Totals

    ----------------------------------------------------------------------

==============================================================================


      Code (inc. data)   RO Data    RW Data    ZI Data      Debug   

     21160       1070        492        212       5228     679463   Grand Totals
     21160       1070        492        212       5228     679463   ELF Image Totals
     21160       1070        492        212          0          0   ROM Totals

==============================================================================

    Total RO  Size (Code + RO Data)                21652 (  21.14kB)
    Total RW  Size (RW Data + ZI Data)              5440 (   5.31kB)
    Total ROM Size (Code + RO Data + RW Data)      21864 (  21.35kB)

==============================================================================

